Component: ARM Compiler 5.06 update 7 (build 960) Tool: armlink [4d3601]

==============================================================================

Section Cross References

    startup_stm32g431xx.o(STACK) refers (Special) to heapauxi.o(.text) for __use_two_region_memory
    startup_stm32g431xx.o(HEAP) refers (Special) to heapauxi.o(.text) for __use_two_region_memory
    startup_stm32g431xx.o(RESET) refers (Special) to heapauxi.o(.text) for __use_two_region_memory
    startup_stm32g431xx.o(RESET) refers to startup_stm32g431xx.o(STACK) for __initial_sp
    startup_stm32g431xx.o(RESET) refers to startup_stm32g431xx.o(.text) for Reset_Handler
    startup_stm32g431xx.o(RESET) refers to stm32g4xx_it.o(i.NMI_Handler) for NMI_Handler
    startup_stm32g431xx.o(RESET) refers to stm32g4xx_it.o(i.HardFault_Handler) for HardFault_Handler
    startup_stm32g431xx.o(RESET) refers to stm32g4xx_it.o(i.MemManage_Handler) for MemManage_Handler
    startup_stm32g431xx.o(RESET) refers to stm32g4xx_it.o(i.BusFault_Handler) for BusFault_Handler
    startup_stm32g431xx.o(RESET) refers to stm32g4xx_it.o(i.UsageFault_Handler) for UsageFault_Handler
    startup_stm32g431xx.o(RESET) refers to stm32g4xx_it.o(i.SVC_Handler) for SVC_Handler
    startup_stm32g431xx.o(RESET) refers to stm32g4xx_it.o(i.DebugMon_Handler) for DebugMon_Handler
    startup_stm32g431xx.o(RESET) refers to stm32g4xx_it.o(i.PendSV_Handler) for PendSV_Handler
    startup_stm32g431xx.o(RESET) refers to stm32g4xx_it.o(i.SysTick_Handler) for SysTick_Handler
    startup_stm32g431xx.o(RESET) refers to stm32g4xx_it.o(i.USART1_IRQHandler) for USART1_IRQHandler
    startup_stm32g431xx.o(RESET) refers to stm32g4xx_it.o(i.TIM6_DAC_IRQHandler) for TIM6_DAC_IRQHandler
    startup_stm32g431xx.o(.text) refers (Special) to heapauxi.o(.text) for __use_two_region_memory
    startup_stm32g431xx.o(.text) refers to system_stm32g4xx.o(i.SystemInit) for SystemInit
    startup_stm32g431xx.o(.text) refers to __main.o(!!!main) for __main
    startup_stm32g431xx.o(.text) refers to startup_stm32g431xx.o(HEAP) for Heap_Mem
    startup_stm32g431xx.o(.text) refers to startup_stm32g431xx.o(STACK) for Stack_Mem
    main.o(i.Check) refers to main.o(i.Uart_Error) for Uart_Error
    main.o(i.Check) refers to main.o(.data) for .data
    main.o(i.HAL_UART_RxCpltCallback) refers to stm32g4xx_hal_uart.o(i.HAL_UART_Receive_IT) for HAL_UART_Receive_IT
    main.o(i.HAL_UART_RxCpltCallback) refers to main.o(.data) for .data
    main.o(i.HAL_UART_RxCpltCallback) refers to main.o(.bss) for .bss
    main.o(i.HAL_UART_RxCpltCallback) refers to usart.o(.bss) for huart1
    main.o(i.KEY_Scan) refers to stm32g4xx_hal_gpio.o(i.HAL_GPIO_ReadPin) for HAL_GPIO_ReadPin
    main.o(i.KEY_Scan) refers to stm32g4xx_hal.o(i.HAL_Delay) for HAL_Delay
    main.o(i.KEY_Scan) refers to daddsub_clz.o(x$fpl$dadd) for __aeabi_dadd
    main.o(i.KEY_Scan) refers to daddsub_clz.o(x$fpl$dsub) for __aeabi_dsub
    main.o(i.KEY_Scan) refers to dleqf.o(x$fpl$dleqf) for __aeabi_cdcmple
    main.o(i.KEY_Scan) refers to stm32g4xx_hal.o(.data) for uwTick
    main.o(i.KEY_Scan) refers to main.o(.data) for .data
    main.o(i.LCD_Proc) refers to _printf_percent.o(.ARM.Collect$$_printf_percent$$00000000) for _printf_percent
    main.o(i.LCD_Proc) refers to _printf_d.o(.ARM.Collect$$_printf_percent$$00000009) for _printf_d
    main.o(i.LCD_Proc) refers to _printf_dec.o(.text) for _printf_int_dec
    main.o(i.LCD_Proc) refers to _printf_pad.o(.text) for _printf_pre_padding
    main.o(i.LCD_Proc) refers to _printf_f.o(.ARM.Collect$$_printf_percent$$00000003) for _printf_f
    main.o(i.LCD_Proc) refers to printf1.o(x$fpl$printf1) for _printf_fp_dec
    main.o(i.LCD_Proc) refers to lcd.o(i.LCD_DisplayStringLine) for LCD_DisplayStringLine
    main.o(i.LCD_Proc) refers to noretval__2sprintf.o(.text) for __2sprintf
    main.o(i.LCD_Proc) refers to lcd.o(i.LCD_ClearLine) for LCD_ClearLine
    main.o(i.LCD_Proc) refers to stm32g4xx_hal.o(.data) for uwTick
    main.o(i.LCD_Proc) refers to main.o(.data) for .data
    main.o(i.LCD_Proc) refers to main.o(.bss) for .bss
    main.o(i.LED) refers to stm32g4xx_hal_gpio.o(i.HAL_GPIO_WritePin) for HAL_GPIO_WritePin
    main.o(i.LED_Proc) refers to main.o(i.LED) for LED
    main.o(i.LED_Proc) refers to stm32g4xx_hal.o(.data) for uwTick
    main.o(i.LED_Proc) refers to main.o(.data) for .data
    main.o(i.Pwm_Proc) refers to main.o(.data) for .data
    main.o(i.SystemClock_Config) refers to rt_memclr_w.o(.text) for __aeabi_memclr4
    main.o(i.SystemClock_Config) refers to stm32g4xx_hal_pwr_ex.o(i.HAL_PWREx_ControlVoltageScaling) for HAL_PWREx_ControlVoltageScaling
    main.o(i.SystemClock_Config) refers to stm32g4xx_hal_rcc.o(i.HAL_RCC_OscConfig) for HAL_RCC_OscConfig
    main.o(i.SystemClock_Config) refers to stm32g4xx_hal_rcc.o(i.HAL_RCC_ClockConfig) for HAL_RCC_ClockConfig
    main.o(i.Uart_Error) refers to noretval__2sprintf.o(.text) for __2sprintf
[...]
    i.LCD_WriteReg                           0x08003bf0   Section        0  lcd.o(i.LCD_WriteReg)
    i.LED                                    0x08003c5c   Section        0  main.o(i.LED)
    i.LED_Proc                               0x08003cb0   Section        0  main.o(i.LED_Proc)
    i.MX_GPIO_Init                           0x08003cfc   Section        0  gpio.o(i.MX_GPIO_Init)
    i.MX_RTC_Init                            0x08003de0   Section        0  rtc.o(i.MX_RTC_Init)
    i.MX_TIM17_Init                          0x08003e80   Section        0  tim.o(i.MX_TIM17_Init)
    i.MX_TIM6_Init                           0x08003f1c   Section        0  tim.o(i.MX_TIM6_Init)
    i.MX_USART1_UART_Init                    0x08003f68   Section        0  usart.o(i.MX_USART1_UART_Init)
    i.MemManage_Handler                      0x08003fd0   Section        0  stm32g4xx_it.o(i.MemManage_Handler)
    i.NMI_Handler                            0x08003fd2   Section        0  stm32g4xx_it.o(i.NMI_Handler)
    i.PendSV_Handler                         0x08003fd4   Section        0  stm32g4xx_it.o(i.PendSV_Handler)
    i.Pwm_Proc                               0x08003fd8   Section        0  main.o(i.Pwm_Proc)
    i.REG_8230_Init                          0x08003ff0   Section        0  lcd.o(i.REG_8230_Init)
    i.REG_932X_Init                          0x08004102   Section        0  lcd.o(i.REG_932X_Init)
    i.RTC_ByteToBcd2                         0x08004304   Section        0  stm32g4xx_hal_rtc.o(i.RTC_ByteToBcd2)
    i.RTC_EnterInitMode                      0x0800431c   Section        0  stm32g4xx_hal_rtc.o(i.RTC_EnterInitMode)
    i.RTC_ExitInitMode                       0x08004366   Section        0  stm32g4xx_hal_rtc.o(i.RTC_ExitInitMode)
    i.SVC_Handler                            0x080043b6   Section        0  stm32g4xx_it.o(i.SVC_Handler)
    i.SysTick_Handler                        0x080043b8   Section        0  stm32g4xx_it.o(i.SysTick_Handler)
    i.SystemClock_Config                     0x080043bc   Section        0  main.o(i.SystemClock_Config)
    i.SystemInit                             0x08004424   Section        0  system_stm32g4xx.o(i.SystemInit)
    i.TIM6_DAC_IRQHandler                    0x08004434   Section        0  stm32g4xx_it.o(i.TIM6_DAC_IRQHandler)
    i.TIM_Base_SetConfig                     0x08004440   Section        0  stm32g4xx_hal_tim.o(i.TIM_Base_SetConfig)
    i.TIM_CCxChannelCmd                      0x080044f0   Section        0  stm32g4xx_hal_tim.o(i.TIM_CCxChannelCmd)
    i.TIM_OC1_SetConfig                      0x0800450c   Section        0  stm32g4xx_hal_tim.o(i.TIM_OC1_SetConfig)
    TIM_OC1_SetConfig                        0x0800450d   Thumb Code   132  stm32g4xx_hal_tim.o(i.TIM_OC1_SetConfig)
    i.TIM_OC2_SetConfig                      0x080045a8   Section        0  stm32g4xx_hal_tim.o(i.TIM_OC2_SetConfig)
    i.TIM_OC3_SetConfig                      0x08004638   Section        0  stm32g4xx_hal_tim.o(i.TIM_OC3_SetConfig)
    TIM_OC3_SetConfig                        0x08004639   Thumb Code   118  stm32g4xx_hal_tim.o(i.TIM_OC3_SetConfig)
    i.TIM_OC4_SetConfig                      0x080046c8   Section        0  stm32g4xx_hal_tim.o(i.TIM_OC4_SetConfig)
    TIM_OC4_SetConfig                        0x080046c9   Thumb Code   120  stm32g4xx_hal_tim.o(i.TIM_OC4_SetConfig)
    i.TIM_OC5_SetConfig                      0x08004758   Section        0  stm32g4xx_hal_tim.o(i.TIM_OC5_SetConfig)
    TIM_OC5_SetConfig                        0x08004759   Thumb Code    86  stm32g4xx_hal_tim.o(i.TIM_OC5_SetConfig)
    i.TIM_OC6_SetConfig                      0x080047c8   Section        0  stm32g4xx_hal_tim.o(i.TIM_OC6_SetConfig)
    TIM_OC6_SetConfig                        0x080047c9   Thumb Code    88  stm32g4xx_hal_tim.o(i.TIM_OC6_SetConfig)
    i.UARTEx_SetNbDataToProcess              0x08004838   Section        0  stm32g4xx_hal_uart_ex.o(i.UARTEx_SetNbDataToProcess)
    UARTEx_SetNbDataToProcess                0x08004839   Thumb Code    62  stm32g4xx_hal_uart_ex.o(i.UARTEx_SetNbDataToProcess)
    i.UART_AdvFeatureConfig                  0x0800487c   Section        0  stm32g4xx_hal_uart.o(i.UART_AdvFeatureConfig)
    i.UART_CheckIdleState                    0x08004944   Section        0  stm32g4xx_hal_uart.o(i.UART_CheckIdleState)
    i.UART_DMAAbortOnError                   0x080049a4   Section        0  stm32g4xx_hal_uart.o(i.UART_DMAAbortOnError)
    UART_DMAAbortOnError                     0x080049a5   Thumb Code    20  stm32g4xx_hal_uart.o(i.UART_DMAAbortOnError)
    i.UART_EndRxTransfer                     0x080049b8   Section        0  stm32g4xx_hal_uart.o(i.UART_EndRxTransfer)
    UART_EndRxTransfer                       0x080049b9   Thumb Code    78  stm32g4xx_hal_uart.o(i.UART_EndRxTransfer)
    i.UART_RxISR_16BIT                       0x08004a0c   Section        0  stm32g4xx_hal_uart.o(i.UART_RxISR_16BIT)
    UART_RxISR_16BIT                         0x08004a0d   Thumb Code   162  stm32g4xx_hal_uart.o(i.UART_RxISR_16BIT)
    i.UART_RxISR_16BIT_FIFOEN                0x08004ab0   Section        0  stm32g4xx_hal_uart.o(i.UART_RxISR_16BIT_FIFOEN)
    UART_RxISR_16BIT_FIFOEN                  0x08004ab1   Thumb Code   364  stm32g4xx_hal_uart.o(i.UART_RxISR_16BIT_FIFOEN)
    i.UART_RxISR_8BIT                        0x08004c24   Section        0  stm32g4xx_hal_uart.o(i.UART_RxISR_8BIT)
    UART_RxISR_8BIT                          0x08004c25   Thumb Code   162  stm32g4xx_hal_uart.o(i.UART_RxISR_8BIT)
    i.UART_RxISR_8BIT_FIFOEN                 0x08004cc8   Section        0  stm32g4xx_hal_uart.o(i.UART_RxISR_8BIT_FIFOEN)
    UART_RxISR_8BIT_FIFOEN                   0x08004cc9   Thumb Code   364  stm32g4xx_hal_uart.o(i.UART_RxISR_8BIT_FIFOEN)
    i.UART_SetConfig                         0x08004e3c   Section        0  stm32g4xx_hal_uart.o(i.UART_SetConfig)
    i.UART_Start_Receive_IT                  0x080050b0   Section        0  stm32g4xx_hal_uart.o(i.UART_Start_Receive_IT)
    i.UART_WaitOnFlagUntilTimeout            0x080051c8   Section        0  stm32g4xx_hal_uart.o(i.UART_WaitOnFlagUntilTimeout)
    i.USART1_IRQHandler                      0x08005290   Section        0  stm32g4xx_it.o(i.USART1_IRQHandler)
    i.Uart_Error                             0x0800529c   Section        0  main.o(i.Uart_Error)
    i.Uart_Proc                              0x080052d0   Section        0  main.o(i.Uart_Proc)
    i.UsageFault_Handler                     0x08005554   Section        0  stm32g4xx_it.o(i.UsageFault_Handler)
    i.__ARM_fpclassify                       0x08005556   Section        0  fpclassify.o(i.__ARM_fpclassify)
    i.__NVIC_SetPriority                     0x08005586   Section        0  stm32g4xx_hal_cortex.o(i.__NVIC_SetPriority)
    __NVIC_SetPriority                       0x08005587   Thumb Code    32  stm32g4xx_hal_cortex.o(i.__NVIC_SetPriority)
    i._is_digit                              0x080055a6   Section        0  __printf_wp.o(i._is_digit)
    i.findLocate                             0x080055b4   Section        0  main.o(i.findLocate)
    i.isExist                                0x080055d4   Section        0  main.o(i.isExist)
    i.main                                   0x08005600   Section        0  main.o(i.main)
    i.substr                                 0x0800567c   Section        0  main.o(i.substr)
    locale$$code                             0x08005698   Section       44  lc_numeric_c.o(locale$$code)
    x$fpl$dadd                               0x080056c4   Section      336  daddsub_clz.o(x$fpl$dadd)
    $v0                                      0x080056c4   Number         0  daddsub_clz.o(x$fpl$dadd)
    _dadd1                                   0x080056d5   Thumb Code     0  daddsub_clz.o(x$fpl$dadd)
    x$fpl$dcmpinf                            0x08005814   Section       24  dcmpi.o(x$fpl$dcmpinf)
    $v0                                      0x08005814   Number         0  dcmpi.o(x$fpl$dcmpinf)
    x$fpl$dfltull                            0x0800582c   Section      138  dfltll_clz.o(x$fpl$dfltull)
    $v0                                      0x0800582c   Number         0  dfltll_clz.o(x$fpl$dfltull)
    x$fpl$dleqf                              0x080058b8   Section      120  dleqf.o(x$fpl$dleqf)
    $v0                                      0x080058b8   Number         0  dleqf.o(x$fpl$dleqf)
    x$fpl$dmul                               0x08005930   Section      340  dmul.o(x$fpl$dmul)
    $v0                                      0x08005930   Number         0  dmul.o(x$fpl$dmul)
    x$fpl$dnaninf                            0x08005a84   Section      156  dnaninf.o(x$fpl$dnaninf)
    $v0                                      0x08005a84   Number         0  dnaninf.o(x$fpl$dnaninf)
    x$fpl$dretinf                            0x08005b20   Section       12  dretinf.o(x$fpl$dretinf)
    $v0                                      0x08005b20   Number         0  dretinf.o(x$fpl$dretinf)
    x$fpl$dsub                               0x08005b2c   Section      468  daddsub_clz.o(x$fpl$dsub)
    $v0                                      0x08005b2c   Number         0  daddsub_clz.o(x$fpl$dsub)
    _dsub1                                   0x08005b3d   Thumb Code     0  daddsub_clz.o(x$fpl$dsub)
    x$fpl$fpinit                             0x08005d00   Section       10  fpinit.o(x$fpl$fpinit)
    $v0                                      0x08005d00   Number         0  fpinit.o(x$fpl$fpinit)
    x$fpl$printf1                            0x08005d0a   Section        4  printf1.o(x$fpl$printf1)
    $v0                                      0x08005d0a   Number         0  printf1.o(x$fpl$printf1)
    .constdata                               0x08005d0e   Section     4560  lcd.o(.constdata)
    x$fpl$usenofp                            0x08005d0e   Section        0  usenofp.o(x$fpl$usenofp)
    .constdata                               0x08006ede   Section       24  stm32g4xx_hal_uart.o(.constdata)
    .constdata                               0x08006ef6   Section       16  stm32g4xx_hal_uart_ex.o(.constdata)
    numerator                                0x08006ef6   Data           8  stm32g4xx_hal_uart_ex.o(.constdata)
    denominator                              0x08006efe   Data           8  stm32g4xx_hal_uart_ex.o(.constdata)
    .constdata                               0x08006f06   Section       16  system_stm32g4xx.o(.constdata)
    .constdata                               0x08006f16   Section        8  system_stm32g4xx.o(.constdata)
    .constdata                               0x08006f20   Section      148  bigflt0.o(.constdata)
    tenpwrs_x                                0x08006f20   Data          60  bigflt0.o(.constdata)
    tenpwrs_i                                0x08006f5c   Data          64  bigflt0.o(.constdata)
    locale$$data                             0x08006fd4   Section       28  lc_numeric_c.o(locale$$data)
    __lcnum_c_name                           0x08006fd8   Data           2  lc_numeric_c.o(locale$$data)
    __lcnum_c_start                          0x08006fe0   Data           0  lc_numeric_c.o(locale$$data)
    __lcnum_c_point                          0x08006fec   Data           0  lc_numeric_c.o(locale$$data)
    __lcnum_c_thousands                      0x08006fee   Data           0  lc_numeric_c.o(locale$$data)
    __lcnum_c_grouping                       0x08006fef   Data           0  lc_numeric_c.o(locale$$data)
    __lcnum_c_end                            0x08006ff0   Data           0  lc_numeric_c.o(locale$$data)
    .data                                    0x20000000   Section       40  main.o(.data)
    .data                                    0x20000028   Section        6  lcd.o(.data)
    TextColor                                0x20000028   Data           2  lcd.o(.data)
    BackColor                                0x2000002a   Data           2  lcd.o(.data)
    .data                                    0x20000030   Section       12  stm32g4xx_hal.o(.data)
    .data                                    0x2000003c   Section        4  system_stm32g4xx.o(.data)
    .bss                                     0x20000040   Section      237  main.o(.bss)
    .bss                                     0x20000130   Section       40  rtc.o(.bss)
    .bss                                     0x20000158   Section      152  tim.o(.bss)
    .bss                                     0x200001f0   Section      144  usart.o(.bss)
    .bss                                     0x20000280   Section       96  libspace.o(.bss)
    HEAP                                     0x200002e0   Section      512  startup_stm32g431xx.o(HEAP)
    Heap_Mem                                 0x200002e0   Data         512  startup_stm32g431xx.o(HEAP)
    STACK                                    0x200004e0   Section     1024  startup_stm32g431xx.o(STACK)
    Stack_Mem                                0x200004e0   Data        1024  startup_stm32g431xx.o(STACK)
    __initial_sp                             0x200008e0   Data           0  startup_stm32g431xx.o(STACK)

    Global Symbols

    Symbol Name                              Value     Ov Type        Size  Object(Section)

    BuildAttributes$$THM_ISAv4$E$P$D$K$B$S$7EM$VFPi3$EXTD16$VFPS$VFMA$PE$A:L22UL41UL21$X:L11$S22US41US21$IEEE1$IW$USESV6$~STKCKD$USESV7$~SHL$OTIME$ROPI$IEEEJ$EBA8$UX$STANDARDLIB$REQ8$PRES8$EABIv2 0x00000000   Number         0  anon$$obj.o ABSOLUTE
    __ARM_use_no_argv                        0x00000000   Number         0  main.o ABSOLUTE
    _printf_flags                            0x00000000   Number         0  printf_stubs.o ABSOLUTE
    _printf_return_value                     0x00000000   Number         0  printf_stubs.o ABSOLUTE
    _printf_sizespec                         0x00000000   Number         0  printf_stubs.o ABSOLUTE
    _printf_widthprec                        0x00000000   Number         0  printf_stubs.o ABSOLUTE
    __ARM_exceptions_init                     - Undefined Weak Reference
    __alloca_initialize                       - Undefined Weak Reference
    __arm_fini_                               - Undefined Weak Reference
    __arm_preinit_                            - Undefined Weak Reference
    __cpp_initialize__aeabi_                  - Undefined Weak Reference
    __cxa_finalize                            - Undefined Weak Reference
    __sigvec_lookup                           - Undefined Weak Reference
    _atexit_init                              - Undefined Weak Reference
    _call_atexit_fns                          - Undefined Weak Reference
    _clock_init                               - Undefined Weak Reference
    _fp_trap_init                             - Undefined Weak Reference
    _fp_trap_shutdown                         - Undefined Weak Reference
    _get_lc_collate                           - Undefined Weak Reference
    _get_lc_ctype                             - Undefined Weak Reference
    _get_lc_monetary                          - Undefined Weak Reference
    _get_lc_time                              - Undefined Weak Reference
    _getenv_init                              - Undefined Weak Reference
    _handle_redirection                       - Undefined Weak Reference
    _init_alloc                               - Undefined Weak Reference
    _init_user_alloc                          - Undefined Weak Reference
    _initio                                   - Undefined Weak Reference
    _printf_mbtowc                            - Undefined Weak Reference
    _printf_truncate_signed                   - Undefined Weak Reference
    _printf_truncate_unsigned                 - Undefined Weak Reference
    _rand_init                                - Undefined Weak Reference
    _signal_finish                            - Undefined Weak Reference
    _signal_init                              - Undefined Weak Reference
    _terminate_alloc                          - Undefined Weak Reference
    _terminate_user_alloc                     - Undefined Weak Reference
    _terminateio                              - Undefined Weak Reference
    __Vectors_Size                           0x000001d8   Number         0  startup_stm32g431xx.o ABSOLUTE
    __Vectors                                0x08000000   Data           4  startup_stm32g431xx.o(RESET)
    __Vectors_End                            0x080001d8   Data           0  startup_stm32g431xx.o(RESET)
    __main                                   0x080001d9   Thumb Code     8  __main.o(!!!main)
    __scatterload                            0x080001e1   Thumb Code     0  __scatter.o(!!!scatter)
    __scatterload_rt2                        0x080001e1   Thumb Code    44  __scatter.o(!!!scatter)
    __scatterload_rt2_thumb_only             0x080001e1   Thumb Code     0  __scatter.o(!!!scatter)
    __scatterload_null                       0x080001ef   Thumb Code     0  __scatter.o(!!!scatter)
    __scatterload_copy                       0x08000215   Thumb Code    26  __scatter_copy.o(!!handler_copy)
    __scatterload_zeroinit                   0x08000231   Thumb Code    28  __scatter_zi.o(!!handler_zi)
    _printf_f                                0x0800024d   Thumb Code     0  _printf_f.o(.ARM.Collect$$_printf_percent$$00000003)
    _printf_percent                          0x0800024d   Thumb Code     0  _printf_percent.o(.ARM.Collect$$_printf_percent$$00000000)
    _printf_d                                0x08000253   Thumb Code     0  _printf_d.o(.ARM.Collect$$_printf_percent$$00000009)
    _printf_s                                0x08000259   Thumb Code     0  _printf_s.o(.ARM.Collect$$_printf_percent$$00000014)
    _printf_percent_end                      0x0800025f   Thumb Code     0  _printf_percent_end.o(.ARM.Collect$$_printf_percent$$00000017)
    __rt_lib_init                            0x08000263   Thumb Code     0  libinit.o(.ARM.Collect$$libinit$$00000000)
    __rt_lib_init_fp_1                       0x08000265   Thumb Code     0  libinit2.o(.ARM.Collect$$libinit$$00000001)
    __rt_lib_init_heap_1                     0x08000269   Thumb Code     0  libinit2.o(.ARM.Collect$$libinit$$0000000A)
    __rt_lib_init_lc_common                  0x08000269   Thumb Code     0  libinit2.o(.ARM.Collect$$libinit$$0000000F)
    __rt_lib_init_preinit_1                  0x08000269   Thumb Code     0  libinit2.o(.ARM.Collect$$libinit$$00000004)
    __rt_lib_init_rand_1                     0x08000269   Thumb Code     0  libinit2.o(.ARM.Collect$$libinit$$0000000E)
    __rt_lib_init_user_alloc_1               0x08000269   Thumb Code     0  libinit2.o(.ARM.Collect$$libinit$$0000000C)
    __rt_lib_init_lc_collate_1               0x0800026f   Thumb Code     0  libinit2.o(.ARM.Collect$$libinit$$00000011)
    __rt_lib_init_lc_ctype_1                 0x0800026f   Thumb Code     0  libinit2.o(.ARM.Collect$$libinit$$00000013)
    __rt_lib_init_lc_monetary_1              0x0800026f   Thumb Code     0  libinit2.o(.ARM.Collect$$libinit$$00000015)
    __rt_lib_init_lc_numeric_2               0x0800026f   Thumb Code     0  libinit2.o(.ARM.Collect$$libinit$$00000016)
    __rt_lib_init_alloca_1                   0x08000279   Thumb Code     0  libinit2.o(.ARM.Collect$$libinit$$0000002E)
    __rt_lib_init_argv_1                     0x08000279   Thumb Code     0  libinit2.o(.ARM.Collect$$libinit$$0000002C)
    __rt_lib_init_atexit_1                   0x08000279   Thumb Code     0  libinit2.o(.ARM.Collect$$libinit$$0000001B)
    __rt_lib_init_clock_1                    0x08000279   Thumb Code     0  libinit2.o(.ARM.Collect$$libinit$$00000021)
    __rt_lib_init_cpp_1                      0x08000279   Thumb Code     0  libinit2.o(.ARM.Collect$$libinit$$00000032)
    __rt_lib_init_exceptions_1               0x08000279   Thumb Code     0  libinit2.o(.ARM.Collect$$libinit$$00000030)
    __rt_lib_init_fp_trap_1                  0x08000279   Thumb Code     0  libinit2.o(.ARM.Collect$$libinit$$0000001F)
    __rt_lib_init_getenv_1                   0x08000279   Thumb Code     0  libinit2.o(.ARM.Collect$$libinit$$00000023)
    __rt_lib_init_lc_numeric_1               0x08000279   Thumb Code     0  libinit2.o(.ARM.Collect$$libinit$$00000017)
    __rt_lib_init_lc_time_1                  0x08000279   Thumb Code     0  libinit2.o(.ARM.Collect$$libinit$$00000019)
    __rt_lib_init_return                     0x08000279   Thumb Code     0  libinit2.o(.ARM.Collect$$libinit$$00000033)
    __rt_lib_init_signal_1                   0x08000279   Thumb Code     0  libinit2.o(.ARM.Collect$$libinit$$0000001D)
    __rt_lib_init_stdio_1                    0x08000279   Thumb Code     0  libinit2.o(.ARM.Collect$$libinit$$00000025)
    __rt_lib_shutdown                        0x0800027b   Thumb Code     0  libshutdown.o(.ARM.Collect$$libshutdown$$00000000)
    __rt_lib_shutdown_cpp_1                  0x0800027d   Thumb Code     0  libshutdown2.o(.ARM.Collect$$libshutdown$$00000004)
    __rt_lib_shutdown_fini_1                 0x0800027d   Thumb Code     0  libshutdown2.o(.ARM.Collect$$libshutdown$$00000002)
    __rt_lib_shutdown_fp_trap_1              0x0800027d   Thumb Code     0  libshutdown2.o(.ARM.Collect$$libshutdown$$00000009)
    __rt_lib_shutdown_heap_1                 0x0800027d   Thumb Code     0  libshutdown2.o(.ARM.Collect$$libshutdown$$00000011)
    __rt_lib_shutdown_return                 0x0800027d   Thumb Code     0  libshutdown2.o(.ARM.Collect$$libshutdown$$00000012)
    __rt_lib_shutdown_signal_1               0x0800027d   Thumb Code     0  libshutdown2.o(.ARM.Collect$$libshutdown$$0000000C)
    __rt_lib_shutdown_stdio_1                0x0800027d   Thumb Code     0  libshutdown2.o(.ARM.Collect$$libshutdown$$00000006)
    __rt_lib_shutdown_user_alloc_1           0x0800027d   Thumb Code     0  libshutdown2.o(.ARM.Collect$$libshutdown$$0000000E)
    __rt_entry                               0x0800027f   Thumb Code     0  __rtentry.o(.ARM.Collect$$rtentry$$00000000)
    __rt_entry_presh_1                       0x0800027f   Thumb Code     0  __rtentry2.o(.ARM.Collect$$rtentry$$00000002)
    __rt_entry_sh                            0x0800027f   Thumb Code     0  __rtentry4.o(.ARM.Collect$$rtentry$$00000004)
    __rt_entry_li                            0x08000285   Thumb Code     0  __rtentry2.o(.ARM.Collect$$rtentry$$0000000A)
    __rt_entry_postsh_1                      0x08000285   Thumb Code     0  __rtentry2.o(.ARM.Collect$$rtentry$$00000009)
    __rt_entry_main                          0x08000289   Thumb Code     0  __rtentry2.o(.ARM.Collect$$rtentry$$0000000D)
    __rt_entry_postli_1                      0x08000289   Thumb Code     0  __rtentry2.o(.ARM.Collect$$rtentry$$0000000C)
    __rt_exit                                0x08000291   Thumb Code     0  rtexit.o(.ARM.Collect$$rtexit$$00000000)
    __rt_exit_ls                             0x08000293   Thumb Code     0  rtexit2.o(.ARM.Collect$$rtexit$$00000003)
    __rt_exit_prels_1                        0x08000293   Thumb Code     0  rtexit2.o(.ARM.Collect$$rtexit$$00000002)
    __rt_exit_exit                           0x08000297   Thumb Code     0  rtexit2.o(.ARM.Collect$$rtexit$$00000004)
    Reset_Handler                            0x0800029d   Thumb Code     8  startup_stm32g431xx.o(.text)
    ADC1_2_IRQHandler                        0x080002b7   Thumb Code     0  startup_stm32g431xx.o(.text)
    COMP1_2_3_IRQHandler                     0x080002b7   Thumb Code     0  startup_stm32g431xx.o(.text)
    COMP4_IRQHandler                         0x080002b7   Thumb Code     0  startup_stm32g431xx.o(.text)
    CORDIC_IRQHandler                        0x080002b7   Thumb Code     0  startup_stm32g431xx.o(.text)
    CRS_IRQHandler                           0x080002b7   Thumb Code     0  startup_stm32g431xx.o(.text)
    DMA1_Channel1_IRQHandler                 0x080002b7   Thumb Code     0  startup_stm32g431xx.o(.text)
    DMA1_Channel2_IRQHandler                 0x080002b7   Thumb Code     0  startup_stm32g431xx.o(.text)
    DMA1_Channel3_IRQHandler                 0x080002b7   Thumb Code     0  startup_stm32g431xx.o(.text)
    DMA1_Channel4_IRQHandler                 0x080002b7   Thumb Code     0  startup_stm32g431xx.o(.text)
    DMA1_Channel5_IRQHandler                 0x080002b7   Thumb Code     0  startup_stm32g431xx.o(.text)
    DMA1_Channel6_IRQHandler                 0x080002b7   Thumb Code     0  startup_stm32g431xx.o(.text)
    DMA2_Channel1_IRQHandler                 0x080002b7   Thumb Code     0  startup_stm32g431xx.o(.text)
    DMA2_Channel2_IRQHandler                 0x080002b7   Thumb Code     0  startup_stm32g431xx.o(.text)
    DMA2_Channel3_IRQHandler                 0x080002b7   Thumb Code     0  startup_stm32g431xx.o(.text)
    DMA2_Channel4_IRQHandler                 0x080002b7   Thumb Code     0  startup_stm32g431xx.o(.text)
    DMA2_Channel5_IRQHandler                 0x080002b7   Thumb Code     0  startup_stm32g431xx.o(.text)
    DMA2_Channel6_IRQHandler                 0x080002b7   Thumb Code     0  startup_stm32g431xx.o(.text)
    DMAMUX_OVR_IRQHandler                    0x080002b7   Thumb Code     0  startup_stm32g431xx.o(.text)
    EXTI0_IRQHandler                         0x080002b7   Thumb Code     0  startup_stm32g431xx.o(.text)
    EXTI15_10_IRQHandler                     0x080002b7   Thumb Code     0  startup_stm32g431xx.o(.text)
    EXTI1_IRQHandler                         0x080002b7   Thumb Code     0  startup_stm32g431xx.o(.text)
    EXTI2_IRQHandler                         0x080002b7   Thumb Code     0  startup_stm32g431xx.o(.text)
    EXTI3_IRQHandler                         0x080002b7   Thumb Code     0  startup_stm32g431xx.o(.text)
    EXTI4_IRQHandler                         0x080002b7   Thumb Code     0  startup_stm32g431xx.o(.text)
    EXTI9_5_IRQHandler                       0x080002b7   Thumb Code     0  startup_stm32g431xx.o(.text)
    FDCAN1_IT0_IRQHandler                    0x080002b7   Thumb Code     0  startup_stm32g431xx.o(.text)
    FDCAN1_IT1_IRQHandler                    0x080002b7   Thumb Code     0  startup_stm32g431xx.o(.text)
    FLASH_IRQHandler                         0x080002b7   Thumb Code     0  startup_stm32g431xx.o(.text)
    FMAC_IRQHandler                          0x080002b7   Thumb Code     0  startup_stm32g431xx.o(.text)
    FPU_IRQHandler                           0x080002b7   Thumb Code     0  startup_stm32g431xx.o(.text)
    I2C1_ER_IRQHandler                       0x080002b7   Thumb Code     0  startup_stm32g431xx.o(.text)
    I2C1_EV_IRQHandler                       0x080002b7   Thumb Code     0  startup_stm32g431xx.o(.text)
    I2C2_ER_IRQHandler                       0x080002b7   Thumb Code     0  startup_stm32g431xx.o(.text)
    I2C2_EV_IRQHandler                       0x080002b7   Thumb Code     0  startup_stm32g431xx.o(.text)
    I2C3_ER_IRQHandler                       0x080002b7   Thumb Code     0  startup_stm32g431xx.o(.text)
    I2C3_EV_IRQHandler                       0x080002b7   Thumb Code     0  startup_stm32g431xx.o(.text)
    LPTIM1_IRQHandler                        0x080002b7   Thumb Code     0  startup_stm32g431xx.o(.text)
    LPUART1_IRQHandler                       0x080002b7   Thumb Code     0  startup_stm32g431xx.o(.text)
    PVD_PVM_IRQHandler                       0x080002b7   Thumb Code     0  startup_stm32g431xx.o(.text)
    RCC_IRQHandler                           0x080002b7   Thumb Code     0  startup_stm32g431xx.o(.text)
    RNG_IRQHandler                           0x080002b7   Thumb Code     0  startup_stm32g431xx.o(.text)
    RTC_Alarm_IRQHandler                     0x080002b7   Thumb Code     0  startup_stm32g431xx.o(.text)
    RTC_TAMP_LSECSS_IRQHandler               0x080002b7   Thumb Code     0  startup_stm32g431xx.o(.text)
    RTC_WKUP_IRQHandler                      0x080002b7   Thumb Code     0  startup_stm32g431xx.o(.text)
    SAI1_IRQHandler                          0x080002b7   Thumb Code     0  startup_stm32g431xx.o(.text)
    SPI1_IRQHandler                          0x080002b7   Thumb Code     0  startup_stm32g431xx.o(.text)
    SPI2_IRQHandler                          0x080002b7   Thumb Code     0  startup_stm32g431xx.o(.text)
    SPI3_IRQHandler                          0x080002b7   Thumb Code     0  startup_stm32g431xx.o(.text)
    TIM1_BRK_TIM15_IRQHandler                0x080002b7   Thumb Code     0  startup_stm32g431xx.o(.text)
    TIM1_CC_IRQHandler                       0x080002b7   Thumb Code     0  startup_stm32g431xx.o(.text)
    TIM1_TRG_COM_TIM17_IRQHandler            0x080002b7   Thumb Code     0  startup_stm32g431xx.o(.text)
    TIM1_UP_TIM16_IRQHandler                 0x080002b7   Thumb Code     0  startup_stm32g431xx.o(.text)
    TIM2_IRQHandler                          0x080002b7   Thumb Code     0  startup_stm32g431xx.o(.text)
    TIM3_IRQHandler                          0x080002b7   Thumb Code     0  startup_stm32g431xx.o(.text)
    TIM4_IRQHandler                          0x080002b7   Thumb Code     0  startup_stm32g431xx.o(.text)
    TIM7_IRQHandler                          0x080002b7   Thumb Code     0  startup_stm32g431xx.o(.text)
    TIM8_BRK_IRQHandler                      0x080002b7   Thumb Code     0  startup_stm32g431xx.o(.text)
    TIM8_CC_IRQHandler                       0x080002b7   Thumb Code     0  startup_stm32g431xx.o(.text)
    TIM8_TRG_COM_IRQHandler                  0x080002b7   Thumb Code     0  startup_stm32g431xx.o(.text)
    TIM8_UP_IRQHandler                       0x080002b7   Thumb Code     0  startup_stm32g431xx.o(.text)
    UART4_IRQHandler                         0x080002b7   Thumb Code     0  startup_stm32g431xx.o(.text)
    UCPD1_IRQHandler                         0x080002b7   Thumb Code     0  startup_stm32g431xx.o(.text)
    USART2_IRQHandler                        0x080002b7   Thumb Code     0  startup_stm32g431xx.o(.text)
    USART3_IRQHandler                        0x080002b7   Thumb Code     0  startup_stm32g431xx.o(.text)
    USBWakeUp_IRQHandler                     0x080002b7   Thumb Code     0  startup_stm32g431xx.o(.text)
    USB_HP_IRQHandler                        0x080002b7   Thumb Code     0  startup_stm32g431xx.o(.text)
    USB_LP_IRQHandler                        0x080002b7   Thumb Code     0  startup_stm32g431xx.o(.text)
    WWDG_IRQHandler                          0x080002b7   Thumb Code     0  startup_stm32g431xx.o(.text)
    __user_initial_stackheap                 0x080002b9   Thumb Code     0  startup_stm32g431xx.o(.text)
    __aeabi_uldivmod                         0x080002dd   Thumb Code     0  lludivv7m.o(.text)
    _ll_udiv                                 0x080002dd   Thumb Code   238  lludivv7m.o(.text)
    __2sprintf                               0x080003cd   Thumb Code    34  noretval__2sprintf.o(.text)
    _printf_pre_padding                      0x080003f5   Thumb Code    44  _printf_pad.o(.text)
    _printf_post_padding                     0x08000421   Thumb Code    34  _printf_pad.o(.text)
    _printf_str                              0x08000443   Thumb Code    82  _printf_str.o(.text)
    _printf_int_dec                          0x08000495   Thumb Code   104  _printf_dec.o(.text)
    __printf                                 0x0800050d   Thumb Code   270  __printf_wp.o(.text)
    strlen                                   0x0800061b   Thumb Code    62  strlen.o(.text)
    __aeabi_memclr                           0x08000659   Thumb Code     0  rt_memclr.o(.text)
    __rt_memclr                              0x08000659   Thumb Code    68  rt_memclr.o(.text)
    _memset                                  0x0800065d   Thumb Code     0  rt_memclr.o(.text)
    __aeabi_memclr4                          0x0800069d   Thumb Code     0  rt_memclr_w.o(.text)
    __aeabi_memclr8                          0x0800069d   Thumb Code     0  rt_memclr_w.o(.text)
    __rt_memclr_w                            0x0800069d   Thumb Code    78  rt_memclr_w.o(.text)
    _memset_w                                0x080006a1   Thumb Code     0  rt_memclr_w.o(.text)
    strcmp                                   0x080006ed   Thumb Code   128  strcmpv7m.o(.text)
    __use_two_region_memory                  0x0800076d   Thumb Code     2  heapauxi.o(.text)
    __rt_heap_escrow$2region                 0x0800076f   Thumb Code     2  heapauxi.o(.text)
    __rt_heap_expand$2region                 0x08000771   Thumb Code     2  heapauxi.o(.text)
    _printf_int_common                       0x08000773   Thumb Code   178  _printf_intcommon.o(.text)
    __lib_sel_fp_printf                      0x08000825   Thumb Code     2  _printf_fp_dec.o(.text)
    _printf_fp_dec_real                      0x080009d7   Thumb Code   620  _printf_fp_dec.o(.text)
    _printf_char_common                      0x08000c4f   Thumb Code    32  _printf_char_common.o(.text)
    _sputc                                   0x08000c75   Thumb Code    10  _sputc.o(.text)
    _printf_cs_common                        0x08000c7f   Thumb Code    20  _printf_char.o(.text)
    _printf_char                             0x08000c93   Thumb Code    16  _printf_char.o(.text)
    _printf_string                           0x08000ca3   Thumb Code     8  _printf_char.o(.text)
    __rt_locale                              0x08000cad   Thumb Code     8  rt_locale_intlibspace.o(.text)
    _ll_udiv10                               0x08000cb5   Thumb Code   138  lludiv10.o(.text)
    _printf_fp_infnan                        0x08000d41   Thumb Code   112  _printf_fp_infnan.o(.text)
    _btod_etento                             0x08000dc1   Thumb Code   224  bigflt0.o(.text)
    __user_libspace                          0x08000ea5   Thumb Code     8  libspace.o(.text)
    __user_perproc_libspace                  0x08000ea5   Thumb Code     0  libspace.o(.text)
    __user_perthread_libspace                0x08000ea5   Thumb Code     0  libspace.o(.text)
    __user_setup_stackheap                   0x08000ead   Thumb Code    74  sys_stackheap_outer.o(.text)
    exit                                     0x08000ef7   Thumb Code    18  exit.o(.text)
    _sys_exit                                0x08000f09   Thumb Code     8  sys_exit.o(.text)
    __I$use$semihosting                      0x08000f15   Thumb Code     0  use_no_semi.o(.text)
    __use_no_semihosting_swi                 0x08000f15   Thumb Code     2  use_no_semi.o(.text)
    __semihosting_library_function           0x08000f17   Thumb Code     0  indicate_semi.o(.text)
    _btod_d2e                                0x08000f17   Thumb Code    62  btod.o(CL$$btod_d2e)
    _d2e_denorm_low                          0x08000f55   Thumb Code    70  btod.o(CL$$btod_d2e_denorm_low)
    _d2e_norm_op1                            0x08000f9b   Thumb Code    96  btod.o(CL$$btod_d2e_norm_op1)
    __btod_div_common                        0x08000ffb   Thumb Code   696  btod.o(CL$$btod_div_common)
    _e2e                                     0x08001333   Thumb Code   220  btod.o(CL$$btod_e2e)
    _btod_ediv                               0x0800140f   Thumb Code    42  btod.o(CL$$btod_ediv)
    _btod_emul                               0x08001439   Thumb Code    42  btod.o(CL$$btod_emul)
    __btod_mult_common                       0x08001463   Thumb Code   580  btod.o(CL$$btod_mult_common)
    BusFault_Handler                         0x080016a7   Thumb Code     2  stm32g4xx_it.o(i.BusFault_Handler)
    Check                                    0x080016a9   Thumb Code    76  main.o(i.Check)
    DebugMon_Handler                         0x080016f9   Thumb Code     2  stm32g4xx_it.o(i.DebugMon_Handler)
    Delay_LCD                                0x080016fb   Thumb Code    28  lcd.o(i.Delay_LCD)
    Error_Handler                            0x08001717   Thumb Code     4  main.o(i.Error_Handler)
    HAL_DMA_Abort                            0x0800171b   Thumb Code   106  stm32g4xx_hal_dma.o(i.HAL_DMA_Abort)
    HAL_DMA_Abort_IT                         0x08001785   Thumb Code   120  stm32g4xx_hal_dma.o(i.HAL_DMA_Abort_IT)
    HAL_Delay                                0x080017fd   Thumb Code    32  stm32g4xx_hal.o(i.HAL_Delay)
    HAL_GPIO_Init                            0x08001821   Thumb Code   550  stm32g4xx_hal_gpio.o(i.HAL_GPIO_Init)
    HAL_GPIO_ReadPin                         0x08001a69   Thumb Code    10  stm32g4xx_hal_gpio.o(i.HAL_GPIO_ReadPin)
    HAL_GPIO_WritePin                        0x08001a73   Thumb Code    10  stm32g4xx_hal_gpio.o(i.HAL_GPIO_WritePin)
    HAL_GetTick                              0x08001a7d   Thumb Code     6  stm32g4xx_hal.o(i.HAL_GetTick)
    HAL_IncTick                              0x08001a89   Thumb Code    12  stm32g4xx_hal.o(i.HAL_IncTick)
    HAL_Init                                 0x08001a99   Thumb Code    30  stm32g4xx_hal.o(i.HAL_Init)
    HAL_InitTick                             0x08001ab9   Thumb Code    58  stm32g4xx_hal.o(i.HAL_InitTick)
    HAL_MspInit                              0x08001afd   Thumb Code    42  stm32g4xx_hal_msp.o(i.HAL_MspInit)
    HAL_NVIC_EnableIRQ                       0x08001b2d   Thumb Code    26  stm32g4xx_hal_cortex.o(i.HAL_NVIC_EnableIRQ)
    HAL_NVIC_SetPriority                     0x08001b49   Thumb Code    60  stm32g4xx_hal_cortex.o(i.HAL_NVIC_SetPriority)
    HAL_NVIC_SetPriorityGrouping             0x08001b89   Thumb Code    26  stm32g4xx_hal_cortex.o(i.HAL_NVIC_SetPriorityGrouping)
    HAL_PWREx_ControlVoltageScaling          0x08001bad   Thumb Code   174  stm32g4xx_hal_pwr_ex.o(i.HAL_PWREx_ControlVoltageScaling)
    HAL_PWREx_DisableUCPDDeadBattery         0x08001c69   Thumb Code    12  stm32g4xx_hal_pwr_ex.o(i.HAL_PWREx_DisableUCPDDeadBattery)
    HAL_RCCEx_PeriphCLKConfig                0x08001c79   Thumb Code   638  stm32g4xx_hal_rcc_ex.o(i.HAL_RCCEx_PeriphCLKConfig)
    HAL_RCC_ClockConfig                      0x08001f01   Thumb Code   444  stm32g4xx_hal_rcc.o(i.HAL_RCC_ClockConfig)
    HAL_RCC_GetPCLK1Freq                     0x080020dd   Thumb Code    24  stm32g4xx_hal_rcc.o(i.HAL_RCC_GetPCLK1Freq)
    HAL_RCC_GetPCLK2Freq                     0x08002101   Thumb Code    24  stm32g4xx_hal_rcc.o(i.HAL_RCC_GetPCLK2Freq)
    HAL_RCC_GetSysClockFreq                  0x08002125   Thumb Code    98  stm32g4xx_hal_rcc.o(i.HAL_RCC_GetSysClockFreq)
    HAL_RCC_OscConfig                        0x08002195   Thumb Code  1036  stm32g4xx_hal_rcc.o(i.HAL_RCC_OscConfig)
    HAL_RTCEx_SetRefClock                    0x080025a1   Thumb Code    86  stm32g4xx_hal_rtc_ex.o(i.HAL_RTCEx_SetRefClock)
    HAL_RTC_Init                             0x080025f9   Thumb Code   142  stm32g4xx_hal_rtc.o(i.HAL_RTC_Init)
    HAL_RTC_MspInit                          0x0800268d   Thumb Code   128  rtc.o(i.HAL_RTC_MspInit)
    HAL_RTC_SetDate                          0x08002715   Thumb Code   156  stm32g4xx_hal_rtc.o(i.HAL_RTC_SetDate)
    HAL_RTC_SetTime                          0x080027b5   Thumb Code   198  stm32g4xx_hal_rtc.o(i.HAL_RTC_SetTime)
    HAL_RTC_WaitForSynchro                   0x08002881   Thumb Code    54  stm32g4xx_hal_rtc.o(i.HAL_RTC_WaitForSynchro)
    HAL_SYSTICK_Config                       0x080028b7   Thumb Code    40  stm32g4xx_hal_cortex.o(i.HAL_SYSTICK_Config)
    HAL_TIMEx_Break2Callback                 0x080028df   Thumb Code     2  stm32g4xx_hal_tim_ex.o(i.HAL_TIMEx_Break2Callback)
    HAL_TIMEx_BreakCallback                  0x080028e1   Thumb Code     2  stm32g4xx_hal_tim_ex.o(i.HAL_TIMEx_BreakCallback)
    HAL_TIMEx_CommutCallback                 0x080028e3   Thumb Code     2  stm32g4xx_hal_tim_ex.o(i.HAL_TIMEx_CommutCallback)
    HAL_TIMEx_ConfigBreakDeadTime            0x080028e5   Thumb Code   164  stm32g4xx_hal_tim_ex.o(i.HAL_TIMEx_ConfigBreakDeadTime)
    HAL_TIMEx_DirectionChangeCallback        0x08002991   Thumb Code     2  stm32g4xx_hal_tim_ex.o(i.HAL_TIMEx_DirectionChangeCallback)
    HAL_TIMEx_EncoderIndexCallback           0x08002993   Thumb Code     2  stm32g4xx_hal_tim_ex.o(i.HAL_TIMEx_EncoderIndexCallback)
    HAL_TIMEx_IndexErrorCallback             0x08002995   Thumb Code     2  stm32g4xx_hal_tim_ex.o(i.HAL_TIMEx_IndexErrorCallback)
    HAL_TIMEx_MasterConfigSynchronization    0x08002999   Thumb Code   132  stm32g4xx_hal_tim_ex.o(i.HAL_TIMEx_MasterConfigSynchronization)
    HAL_TIMEx_TransitionErrorCallback        0x08002a35   Thumb Code     2  stm32g4xx_hal_tim_ex.o(i.HAL_TIMEx_TransitionErrorCallback)
    HAL_TIM_Base_Init                        0x08002a37   Thumb Code    98  stm32g4xx_hal_tim.o(i.HAL_TIM_Base_Init)
    HAL_TIM_Base_MspInit                     0x08002a99   Thumb Code    72  tim.o(i.HAL_TIM_Base_MspInit)
    HAL_TIM_IC_CaptureCallback               0x08002aed   Thumb Code     2  stm32g4xx_hal_tim.o(i.HAL_TIM_IC_CaptureCallback)
    HAL_TIM_IRQHandler                       0x08002aef   Thumb Code   508  stm32g4xx_hal_tim.o(i.HAL_TIM_IRQHandler)
    HAL_TIM_MspPostInit                      0x08002ced   Thumb Code    72  tim.o(i.HAL_TIM_MspPostInit)
    HAL_TIM_OC_DelayElapsedCallback          0x08002d3d   Thumb Code     2  stm32g4xx_hal_tim.o(i.HAL_TIM_OC_DelayElapsedCallback)
    HAL_TIM_PWM_ConfigChannel                0x08002d3f   Thumb Code   292  stm32g4xx_hal_tim.o(i.HAL_TIM_PWM_ConfigChannel)
    HAL_TIM_PWM_Init                         0x08002e63   Thumb Code    98  stm32g4xx_hal_tim.o(i.HAL_TIM_PWM_Init)
    HAL_TIM_PWM_MspInit                      0x08002ec5   Thumb Code     2  stm32g4xx_hal_tim.o(i.HAL_TIM_PWM_MspInit)
    HAL_TIM_PWM_PulseFinishedCallback        0x08002ec7   Thumb Code     2  stm32g4xx_hal_tim.o(i.HAL_TIM_PWM_PulseFinishedCallback)
    HAL_TIM_PWM_Start                        0x08002ec9   Thumb Code   218  stm32g4xx_hal_tim.o(i.HAL_TIM_PWM_Start)
    HAL_TIM_PeriodElapsedCallback            0x08002fc5   Thumb Code     2  stm32g4xx_hal_tim.o(i.HAL_TIM_PeriodElapsedCallback)
    HAL_TIM_TriggerCallback                  0x08002fc7   Thumb Code     2  stm32g4xx_hal_tim.o(i.HAL_TIM_TriggerCallback)
    HAL_UARTEx_DisableFifoMode               0x08002fc9   Thumb Code    62  stm32g4xx_hal_uart_ex.o(i.HAL_UARTEx_DisableFifoMode)
    HAL_UARTEx_RxEventCallback               0x08003007   Thumb Code     2  stm32g4xx_hal_uart.o(i.HAL_UARTEx_RxEventCallback)
    HAL_UARTEx_RxFifoFullCallback            0x08003009   Thumb Code     2  stm32g4xx_hal_uart_ex.o(i.HAL_UARTEx_RxFifoFullCallback)
    HAL_UARTEx_SetRxFifoThreshold            0x0800300b   Thumb Code    76  stm32g4xx_hal_uart_ex.o(i.HAL_UARTEx_SetRxFifoThreshold)
    HAL_UARTEx_SetTxFifoThreshold            0x08003057   Thumb Code    76  stm32g4xx_hal_uart_ex.o(i.HAL_UARTEx_SetTxFifoThreshold)
    HAL_UARTEx_TxFifoEmptyCallback           0x080030a3   Thumb Code     2  stm32g4xx_hal_uart_ex.o(i.HAL_UARTEx_TxFifoEmptyCallback)
    HAL_UARTEx_WakeupCallback                0x080030a5   Thumb Code     2  stm32g4xx_hal_uart_ex.o(i.HAL_UARTEx_WakeupCallback)
    HAL_UART_ErrorCallback                   0x080030a7   Thumb Code     2  stm32g4xx_hal_uart.o(i.HAL_UART_ErrorCallback)
    HAL_UART_IRQHandler                      0x080030a9   Thumb Code   722  stm32g4xx_hal_uart.o(i.HAL_UART_IRQHandler)
    HAL_UART_Init                            0x08003389   Thumb Code   106  stm32g4xx_hal_uart.o(i.HAL_UART_Init)
    HAL_UART_MspInit                         0x080033f5   Thumb Code   132  usart.o(i.HAL_UART_MspInit)
    HAL_UART_Receive_IT                      0x08003481   Thumb Code    80  stm32g4xx_hal_uart.o(i.HAL_UART_Receive_IT)
    HAL_UART_RxCpltCallback                  0x080034d5   Thumb Code    24  main.o(i.HAL_UART_RxCpltCallback)
    HAL_UART_Transmit                        0x080034f9   Thumb Code   188  stm32g4xx_hal_uart.o(i.HAL_UART_Transmit)
    HAL_UART_TxCpltCallback                  0x080035b5   Thumb Code     2  stm32g4xx_hal_uart.o(i.HAL_UART_TxCpltCallback)
    HardFault_Handler                        0x080035b7   Thumb Code     2  stm32g4xx_it.o(i.HardFault_Handler)
    KEY_Scan                                 0x080035b9   Thumb Code   350  main.o(i.KEY_Scan)
    LCD_BusIn                                0x0800373d   Thumb Code    40  lcd.o(i.LCD_BusIn)
    LCD_BusOut                               0x08003769   Thumb Code    42  lcd.o(i.LCD_BusOut)
    LCD_Clear                                0x08003799   Thumb Code    36  lcd.o(i.LCD_Clear)
    LCD_ClearLine                            0x080037bd   Thumb Code     6  lcd.o(i.LCD_ClearLine)
    LCD_CtrlLinesConfig                      0x080037dd   Thumb Code   136  lcd.o(i.LCD_CtrlLinesConfig)
    LCD_DisplayChar                          0x0800386d   Thumb Code    18  lcd.o(i.LCD_DisplayChar)
    LCD_DisplayStringLine                    0x08003885   Thumb Code    42  lcd.o(i.LCD_DisplayStringLine)
    LCD_DrawChar                             0x080038b1   Thumb Code    84  lcd.o(i.LCD_DrawChar)
    LCD_Init                                 0x08003909   Thumb Code    46  lcd.o(i.LCD_Init)
    LCD_Proc                                 0x0800393d   Thumb Code   158  main.o(i.LCD_Proc)
    LCD_ReadReg                              0x08003a85   Thumb Code   120  lcd.o(i.LCD_ReadReg)
    LCD_SetBackColor                         0x08003b05   Thumb Code    12  lcd.o(i.LCD_SetBackColor)
    LCD_SetCursor                            0x08003b15   Thumb Code    24  lcd.o(i.LCD_SetCursor)
    LCD_SetTextColor                         0x08003b2d   Thumb Code    12  lcd.o(i.LCD_SetTextColor)
    LCD_WriteRAM                             0x08003b3d   Thumb Code    80  lcd.o(i.LCD_WriteRAM)
    LCD_WriteRAM_Prepare                     0x08003b95   Thumb Code    82  lcd.o(i.LCD_WriteRAM_Prepare)
    LCD_WriteReg                             0x08003bf1   Thumb Code   100  lcd.o(i.LCD_WriteReg)
    LED                                      0x08003c5d   Thumb Code    74  main.o(i.LED)
    LED_Proc                                 0x08003cb1   Thumb Code    66  main.o(i.LED_Proc)
    MX_GPIO_Init                             0x08003cfd   Thumb Code   210  gpio.o(i.MX_GPIO_Init)
    MX_RTC_Init                              0x08003de1   Thumb Code   150  rtc.o(i.MX_RTC_Init)
    MX_TIM17_Init                            0x08003e81   Thumb Code   148  tim.o(i.MX_TIM17_Init)
    MX_TIM6_Init                             0x08003f1d   Thumb Code    66  tim.o(i.MX_TIM6_Init)
    MX_USART1_UART_Init                      0x08003f69   Thumb Code    94  usart.o(i.MX_USART1_UART_Init)
    MemManage_Handler                        0x08003fd1   Thumb Code     2  stm32g4xx_it.o(i.MemManage_Handler)
    NMI_Handler                              0x08003fd3   Thumb Code     2  stm32g4xx_it.o(i.NMI_Handler)
    PendSV_Handler                           0x08003fd5   Thumb Code     2  stm32g4xx_it.o(i.PendSV_Handler)
    Pwm_Proc                                 0x08003fd9   Thumb Code    14  main.o(i.Pwm_Proc)
    REG_8230_Init                            0x08003ff1   Thumb Code   274  lcd.o(i.REG_8230_Init)
    REG_932X_Init                            0x08004103   Thumb Code   514  lcd.o(i.REG_932X_Init)
    RTC_ByteToBcd2                           0x08004305   Thumb Code    24  stm32g4xx_hal_rtc.o(i.RTC_ByteToBcd2)
    RTC_EnterInitMode                        0x0800431d   Thumb Code    74  stm32g4xx_hal_rtc.o(i.RTC_EnterInitMode)
    RTC_ExitInitMode                         0x08004367   Thumb Code    80  stm32g4xx_hal_rtc.o(i.RTC_ExitInitMode)
    SVC_Handler                              0x080043b7   Thumb Code     2  stm32g4xx_it.o(i.SVC_Handler)
    SysTick_Handler                          0x080043b9   Thumb Code     4  stm32g4xx_it.o(i.SysTick_Handler)
    SystemClock_Config                       0x080043bd   Thumb Code   102  main.o(i.SystemClock_Config)
    SystemInit                               0x08004425   Thumb Code    12  system_stm32g4xx.o(i.SystemInit)
    TIM6_DAC_IRQHandler                      0x08004435   Thumb Code     6  stm32g4xx_it.o(i.TIM6_DAC_IRQHandler)
    TIM_Base_SetConfig                       0x08004441   Thumb Code   146  stm32g4xx_hal_tim.o(i.TIM_Base_SetConfig)
    TIM_CCxChannelCmd                        0x080044f1   Thumb Code    26  stm32g4xx_hal_tim.o(i.TIM_CCxChannelCmd)
    TIM_OC2_SetConfig                        0x080045a9   Thumb Code   120  stm32g4xx_hal_tim.o(i.TIM_OC2_SetConfig)
    UART_AdvFeatureConfig                    0x0800487d   Thumb Code   200  stm32g4xx_hal_uart.o(i.UART_AdvFeatureConfig)
    UART_CheckIdleState                      0x08004945   Thumb Code    96  stm32g4xx_hal_uart.o(i.UART_CheckIdleState)
    UART_SetConfig                           0x08004e3d   Thumb Code   582  stm32g4xx_hal_uart.o(i.UART_SetConfig)
    UART_Start_Receive_IT                    0x080050b1   Thumb Code   262  stm32g4xx_hal_uart.o(i.UART_Start_Receive_IT)
    UART_WaitOnFlagUntilTimeout              0x080051c9   Thumb Code   198  stm32g4xx_hal_uart.o(i.UART_WaitOnFlagUntilTimeout)
    USART1_IRQHandler                        0x08005291   Thumb Code     6  stm32g4xx_it.o(i.USART1_IRQHandler)
    Uart_Error                               0x0800529d   Thumb Code    34  main.o(i.Uart_Error)
    Uart_Proc                                0x080052d1   Thumb Code   610  main.o(i.Uart_Proc)
    UsageFault_Handler                       0x08005555   Thumb Code     2  stm32g4xx_it.o(i.UsageFault_Handler)
    __ARM_fpclassify                         0x08005557   Thumb Code    48  fpclassify.o(i.__ARM_fpclassify)
    _is_digit                                0x080055a7   Thumb Code    14  __printf_wp.o(i._is_digit)
    findLocate                               0x080055b5   Thumb Code    28  main.o(i.findLocate)
    isExist                                  0x080055d5   Thumb Code    40  main.o(i.isExist)
    main                                     0x08005601   Thumb Code   106  main.o(i.main)
    substr                                   0x0800567d   Thumb Code    26  main.o(i.substr)
    _get_lc_numeric                          0x08005699   Thumb Code    44  lc_numeric_c.o(locale$$code)
    __aeabi_dadd                             0x080056c5   Thumb Code     0  daddsub_clz.o(x$fpl$dadd)
    _dadd                                    0x080056c5   Thumb Code   332  daddsub_clz.o(x$fpl$dadd)
    __fpl_dcmp_Inf                           0x08005815   Thumb Code    24  dcmpi.o(x$fpl$dcmpinf)
    __aeabi_ul2d                             0x0800582d   Thumb Code     0  dfltll_clz.o(x$fpl$dfltull)
    _ll_uto_d                                0x0800582d   Thumb Code   138  dfltll_clz.o(x$fpl$dfltull)
    __aeabi_cdcmple                          0x080058b9   Thumb Code     0  dleqf.o(x$fpl$dleqf)
    _dcmple                                  0x080058b9   Thumb Code   120  dleqf.o(x$fpl$dleqf)
    __fpl_dcmple_InfNaN                      0x0800591b   Thumb Code     0  dleqf.o(x$fpl$dleqf)
    __aeabi_dmul                             0x08005931   Thumb Code     0  dmul.o(x$fpl$dmul)
    _dmul                                    0x08005931   Thumb Code   332  dmul.o(x$fpl$dmul)
    __fpl_dnaninf                            0x08005a85   Thumb Code   156  dnaninf.o(x$fpl$dnaninf)
    __fpl_dretinf                            0x08005b21   Thumb Code    12  dretinf.o(x$fpl$dretinf)
    __aeabi_dsub                             0x08005b2d   Thumb Code     0  daddsub_clz.o(x$fpl$dsub)
    _dsub                                    0x08005b2d   Thumb Code   464  daddsub_clz.o(x$fpl$dsub)
    _fp_init                                 0x08005d01   Thumb Code    10  fpinit.o(x$fpl$fpinit)
    __fplib_config_fpu_vfp                   0x08005d09   Thumb Code     0  fpinit.o(x$fpl$fpinit)
    __fplib_config_pureend_doubles           0x08005d09   Thumb Code     0  fpinit.o(x$fpl$fpinit)
    _printf_fp_dec                           0x08005d0b   Thumb Code     4  printf1.o(x$fpl$printf1)
    ASCII_Table                              0x08005d0e   Data        4560  lcd.o(.constdata)
    __I$use$fp                               0x08005d0e   Number         0  usenofp.o(x$fpl$usenofp)
    UARTPrescTable                           0x08006ede   Data          24  stm32g4xx_hal_uart.o(.constdata)
    AHBPrescTable                            0x08006f06   Data          16  system_stm32g4xx.o(.constdata)
    APBPrescTable                            0x08006f16   Data           8  system_stm32g4xx.o(.constdata)
    Region$$Table$$Base                      0x08006fb4   Number         0  anon$$obj.o(Region$$Table)
    Region$$Table$$Limit                     0x08006fd4   Number         0  anon$$obj.o(Region$$Table)
    led                                      0x20000000   Data           1  main.o(.data)
    cnbr_number                              0x20000001   Data           1  main.o(.data)
    vnbr_number                              0x20000002   Data           1  main.o(.data)
    idle_number                              0x20000003   Data           1  main.o(.data)
    Pwm_Mode                                 0x20000004   Data           1  main.o(.data)
    set                                      0x20000005   Data           1  main.o(.data)
    Uart_Rx                                  0x20000006   Data           1  main.o(.data)
    Empty_Num                                0x20000008   Data           2  main.o(.data)
    Uart_Point                               0x2000000a   Data           2  main.o(.data)
    uwTick_Led_Point                         0x2000000c   Data           4  main.o(.data)
    uwTick_Key_Point                         0x20000010   Data           4  main.o(.data)
    uwTick_Lcd_Point                         0x20000014   Data           4  main.o(.data)
    cnbr                                     0x20000018   Data           8  main.o(.data)
    vnbr                                     0x20000020   Data           8  main.o(.data)
    dummy                                    0x2000002c   Data           2  lcd.o(.data)
    uwTickPrio                               0x20000030   Data           4  stm32g4xx_hal.o(.data)
    uwTickFreq                               0x20000034   Data           4  stm32g4xx_hal.o(.data)
    uwTick                                   0x20000038   Data           4  stm32g4xx_hal.o(.data)
    SystemCoreClock                          0x2000003c   Data           4  system_stm32g4xx.o(.data)
    Car_info                                 0x20000040   Data         136  main.o(.bss)
    lcdstring                                0x200000c8   Data          21  main.o(.bss)
    Uart_Rx_String                           0x200000dd   Data          40  main.o(.bss)
    Uart_Tx_String                           0x20000105   Data          40  main.o(.bss)
    hrtc                                     0x20000130   Data          40  rtc.o(.bss)
    htim6                                    0x20000158   Data          76  tim.o(.bss)
    htim17                                   0x200001a4   Data          76  tim.o(.bss)
    huart1                                   0x200001f0   Data         144  usart.o(.bss)
    __libspace_start                         0x20000280   Data          96  libspace.o(.bss)
    __temporary_stack_top$libspace           0x200002e0   Data           0  libspace.o(.bss)



==============================================================================

Memory Map of the image

  Image Entry point : 0x080001d9

  Load Region LR_IROM1 (Base: 0x08000000, Size: 0x00007030, Max: 0x00020000, ABSOLUTE)

    Execution Region ER_IROM1 (Exec base: 0x08000000, Load base: 0x08000000, Size: 0x00006ff0, Max: 0x00020000, ABSOLUTE)

    Exec Addr    Load Addr    Size         Type   Attr      Idx    E Section Name        Object

    0x08000000   0x08000000   0x000001d8   Data   RO            3    RESET               startup_stm32g431xx.o
    0x080001d8   0x080001d8   0x00000008   Code   RO         4426  * !!!main             c_w.l(__main.o)
    0x080001e0   0x080001e0   0x00000034   Code   RO         4672    !!!scatter          c_w.l(__scatter.o)
    0x08000214   0x08000214   0x0000001a   Code   RO         4674    !!handler_copy      c_w.l(__scatter_copy.o)
    0x0800022e   0x0800022e   0x00000002   PAD
    0x08000230   0x08000230   0x0000001c   Code   RO         4676    !!handler_zi        c_w.l(__scatter_zi.o)
    0x0800024c   0x0800024c   0x00000000   Code   RO         4415    .ARM.Collect$$_printf_percent$$00000000  c_w.l(_printf_percent.o)
    0x0800024c   0x0800024c   0x00000006   Code   RO         4414    .ARM.Collect$$_printf_percent$$00000003  c_w.l(_printf_f.o)
    0x08000252   0x08000252   0x00000006   Code   RO         4413    .ARM.Collect$$_printf_percent$$00000009  c_w.l(_printf_d.o)
    0x08000258   0x08000258   0x00000006   Code   RO         4412    .ARM.Collect$$_printf_percent$$00000014  c_w.l(_printf_s.o)
    0x0800025e   0x0800025e   0x00000004   Code   RO         4459    .ARM.Collect$$_printf_percent$$00000017  c_w.l(_printf_percent_end.o)
    0x08000262   0x08000262   0x00000002   Code   RO         4543    .ARM.Collect$$libinit$$00000000  c_w.l(libinit.o)
    0x08000264   0x08000264   0x00000004   Code   RO         4544    .ARM.Collect$$libinit$$00000001  c_w.l(libinit2.o)
    0x08000268   0x08000268   0x00000000   Code   RO         4547    .ARM.Collect$$libinit$$00000004  c_w.l(libinit2.o)
    0x08000268   0x08000268   0x00000000   Code   RO         4550    .ARM.Collect$$libinit$$0000000A  c_w.l(libinit2.o)
    0x08000268   0x08000268   0x00000000   Code   RO         4552    .ARM.Collect$$libinit$$0000000C  c_w.l(libinit2.o)
    0x08000268   0x08000268   0x00000000   Code   RO         4554    .ARM.Collect$$libinit$$0000000E  c_w.l(libinit2.o)
    0x08000268   0x08000268   0x00000006   Code   RO         4555    .ARM.Collect$$libinit$$0000000F  c_w.l(libinit2.o)
    0x0800026e   0x0800026e   0x00000000   Code   RO         4557    .ARM.Collect$$libinit$$00000011  c_w.l(libinit2.o)
    0x0800026e   0x0800026e   0x00000000   Code   RO         4559    .ARM.Collect$$libinit$$00000013  c_w.l(libinit2.o)
    0x0800026e   0x0800026e   0x00000000   Code   RO         4561    .ARM.Collect$$libinit$$00000015  c_w.l(libinit2.o)
    0x0800026e   0x0800026e   0x0000000a   Code   RO         4562    .ARM.Collect$$libinit$$00000016  c_w.l(libinit2.o)
    0x08000278   0x08000278   0x00000000   Code   RO         4563    .ARM.Collect$$libinit$$00000017  c_w.l(libinit2.o)
    0x08000278   0x08000278   0x00000000   Code   RO         4565    .ARM.Collect$$libinit$$00000019  c_w.l(libinit2.o)
    0x08000278   0x08000278   0x00000000   Code   RO         4567    .ARM.Collect$$libinit$$0000001B  c_w.l(libinit2.o)
    0x08000278   0x08000278   0x00000000   Code   RO         4569    .ARM.Collect$$libinit$$0000001D  c_w.l(libinit2.o)
    0x08000278   0x08000278   0x00000000   Code   RO         4571    .ARM.Collect$$libinit$$0000001F  c_w.l(libinit2.o)
    0x08000278   0x08000278   0x00000000   Code   RO         4573    .ARM.Collect$$libinit$$00000021  c_w.l(libinit2.o)
    0x08000278   0x08000278   0x00000000   Code   RO         4575    .ARM.Collect$$libinit$$00000023  c_w.l(libinit2.o)
    0x08000278   0x08000278   0x00000000   Code   RO         4577    .ARM.Collect$$libinit$$00000025  c_w.l(libinit2.o)
    0x08000278   0x08000278   0x00000000   Code   RO         4581    .ARM.Collect$$libinit$$0000002C  c_w.l(libinit2.o)
    0x08000278   0x08000278   0x00000000   Code   RO         4583    .ARM.Collect$$libinit$$0000002E  c_w.l(libinit2.o)
    0x08000278   0x08000278   0x00000000   Code   RO         4585    .ARM.Collect$$libinit$$00000030  c_w.l(libinit2.o)
    0x08000278   0x08000278   0x00000000   Code   RO         4587    .ARM.Collect$$libinit$$00000032  c_w.l(libinit2.o)
    0x08000278   0x08000278   0x00000002   Code   RO         4588    .ARM.Collect$$libinit$$00000033  c_w.l(libinit2.o)
    0x0800027a   0x0800027a   0x00000002   Code   RO         4635    .ARM.Collect$$libshutdown$$00000000  c_w.l(libshutdown.o)
    0x0800027c   0x0800027c   0x00000000   Code   RO         4653    .ARM.Collect$$libshutdown$$00000002  c_w.l(libshutdown2.o)
    0x0800027c   0x0800027c   0x00000000   Code   RO         4655    .ARM.Collect$$libshutdown$$00000004  c_w.l(libshutdown2.o)
    0x0800027c   0x0800027c   0x00000000   Code   RO         4657    .ARM.Collect$$libshutdown$$00000006  c_w.l(libshutdown2.o)
    0x0800027c   0x0800027c   0x00000000   Code   RO         4660    .ARM.Collect$$libshutdown$$00000009  c_w.l(libshutdown2.o)
    0x0800027c   0x0800027c   0x00000000   Code   RO         4663    .ARM.Collect$$libshutdown$$0000000C  c_w.l(libshutdown2.o)
    0x0800027c   0x0800027c   0x00000000   Code   RO         4665    .ARM.Collect$$libshutdown$$0000000E  c_w.l(libshutdown2.o)
    0x0800027c   0x0800027c   0x00000000   Code   RO         4668    .ARM.Collect$$libshutdown$$00000011  c_w.l(libshutdown2.o)
    0x0800027c   0x0800027c   0x00000002   Code   RO         4669    .ARM.Collect$$libshutdown$$00000012  c_w.l(libshutdown2.o)
    0x0800027e   0x0800027e   0x00000000   Code   RO         4444    .ARM.Collect$$rtentry$$00000000  c_w.l(__rtentry.o)
    0x0800027e   0x0800027e   0x00000000   Code   RO         4468    .ARM.Collect$$rtentry$$00000002  c_w.l(__rtentry2.o)
    0x0800027e   0x0800027e   0x00000006   Code   RO         4480    .ARM.Collect$$rtentry$$00000004  c_w.l(__rtentry4.o)
    0x08000284   0x08000284   0x00000000   Code   RO         4470    .ARM.Collect$$rtentry$$00000009  c_w.l(__rtentry2.o)
    0x08000284   0x08000284   0x00000004   Code   RO         4471    .ARM.Collect$$rtentry$$0000000A  c_w.l(__rtentry2.o)
    0x08000288   0x08000288   0x00000000   Code   RO         4473    .ARM.Collect$$rtentry$$0000000C  c_w.l(__rtentry2.o)
    0x08000288   0x08000288   0x00000008   Code   RO         4474    .ARM.Collect$$rtentry$$0000000D  c_w.l(__rtentry2.o)
    0x08000290   0x08000290   0x00000002   Code   RO         4589    .ARM.Collect$$rtexit$$00000000  c_w.l(rtexit.o)
    0x08000292   0x08000292   0x00000000   Code   RO         4604    .ARM.Collect$$rtexit$$00000002  c_w.l(rtexit2.o)
    0x08000292   0x08000292   0x00000004   Code   RO         4605    .ARM.Collect$$rtexit$$00000003  c_w.l(rtexit2.o)
    0x08000296   0x08000296   0x00000006   Code   RO         4606    .ARM.Collect$$rtexit$$00000004  c_w.l(rtexit2.o)
    0x0800029c   0x0800029c   0x00000040   Code   RO            4    .text               startup_stm32g431xx.o
    0x080002dc   0x080002dc   0x000000ee   Code   RO         4378    .text               c_w.l(lludivv7m.o)
    0x080003ca   0x080003ca   0x00000002   PAD
    0x080003cc   0x080003cc   0x00000028   Code   RO         4382    .text               c_w.l(noretval__2sprintf.o)
    0x080003f4   0x080003f4   0x0000004e   Code   RO         4386    .text               c_w.l(_printf_pad.o)
    0x08000442   0x08000442   0x00000052   Code   RO         4388    .text               c_w.l(_printf_str.o)
    0x08000494   0x08000494   0x00000078   Code   RO         4390    .text               c_w.l(_printf_dec.o)
    0x0800050c   0x0800050c   0x0000010e   Code   RO         4400    .text               c_w.l(__printf_wp.o)
    0x0800061a   0x0800061a   0x0000003e   Code   RO         4416    .text               c_w.l(strlen.o)
    0x08000658   0x08000658   0x00000044   Code   RO         4418    .text               c_w.l(rt_memclr.o)
    0x0800069c   0x0800069c   0x0000004e   Code   RO         4420    .text               c_w.l(rt_memclr_w.o)
    0x080006ea   0x080006ea   0x00000002   PAD
    0x080006ec   0x080006ec   0x00000080   Code   RO         4422    .text               c_w.l(strcmpv7m.o)
    0x0800076c   0x0800076c   0x00000006   Code   RO         4424    .text               c_w.l(heapauxi.o)
    0x08000772   0x08000772   0x000000b2   Code   RO         4449    .text               c_w.l(_printf_intcommon.o)
    0x08000824   0x08000824   0x0000041e   Code   RO         4451    .text               c_w.l(_printf_fp_dec.o)
    0x08000c42   0x08000c42   0x00000002   PAD
    0x08000c44   0x08000c44   0x00000030   Code   RO         4453    .text               c_w.l(_printf_char_common.o)
    0x08000c74   0x08000c74   0x0000000a   Code   RO         4455    .text               c_w.l(_sputc.o)
    0x08000c7e   0x08000c7e   0x0000002c   Code   RO         4457    .text               c_w.l(_printf_char.o)
    0x08000caa   0x08000caa   0x00000002   PAD
    0x08000cac   0x08000cac   0x00000008   Code   RO         4487    .text               c_w.l(rt_locale_intlibspace.o)
    0x08000cb4   0x08000cb4   0x0000008a   Code   RO         4489    .text               c_w.l(lludiv10.o)
    0x08000d3e   0x08000d3e   0x00000002   PAD
    0x08000d40   0x08000d40   0x00000080   Code   RO         4491    .text               c_w.l(_printf_fp_infnan.o)
    0x08000dc0   0x08000dc0   0x000000e4   Code   RO         4495    .text               c_w.l(bigflt0.o)
    0x08000ea4   0x08000ea4   0x00000008   Code   RO         4527    .text               c_w.l(libspace.o)
    0x08000eac   0x08000eac   0x0000004a   Code   RO         4530    .text               c_w.l(sys_stackheap_outer.o)
    0x08000ef6   0x08000ef6   0x00000012   Code   RO         4532    .text               c_w.l(exit.o)
    0x08000f08   0x08000f08   0x0000000c   Code   RO         4601    .text               c_w.l(sys_exit.o)
    0x08000f14   0x08000f14   0x00000002   Code   RO         4622    .text               c_w.l(use_no_semi.o)
    0x08000f16   0x08000f16   0x00000000   Code   RO         4624    .text               c_w.l(indicate_semi.o)
    0x08000f16   0x08000f16   0x0000003e   Code   RO         4498    CL$$btod_d2e        c_w.l(btod.o)
    0x08000f54   0x08000f54   0x00000046   Code   RO         4500    CL$$btod_d2e_denorm_low  c_w.l(btod.o)
    0x08000f9a   0x08000f9a   0x00000060   Code   RO         4499    CL$$btod_d2e_norm_op1  c_w.l(btod.o)
    0x08000ffa   0x08000ffa   0x00000338   Code   RO         4508    CL$$btod_div_common  c_w.l(btod.o)
    0x08001332   0x08001332   0x000000dc   Code   RO         4505    CL$$btod_e2e        c_w.l(btod.o)
    0x0800140e   0x0800140e   0x0000002a   Code   RO         4502    CL$$btod_ediv       c_w.l(btod.o)
    0x08001438   0x08001438   0x0000002a   Code   RO         4501    CL$$btod_emul       c_w.l(btod.o)
    0x08001462   0x08001462   0x00000244   Code   RO         4507    CL$$btod_mult_common  c_w.l(btod.o)
    0x080016a6   0x080016a6   0x00000002   Code   RO          416    i.BusFault_Handler  stm32g4xx_it.o
    0x080016a8   0x080016a8   0x00000050   Code   RO           13    i.Check             main.o
    0x080016f8   0x080016f8   0x00000002   Code   RO          417    i.DebugMon_Handler  stm32g4xx_it.o
    0x080016fa   0x080016fa   0x0000001c   Code   RO          528    i.Delay_LCD         lcd.o
    0x08001716   0x08001716   0x00000004   Code   RO           14    i.Error_Handler     main.o
    0x0800171a   0x0800171a   0x0000006a   Code   RO         2025    i.HAL_DMA_Abort     stm32g4xx_hal_dma.o
    0x08001784   0x08001784   0x00000078   Code   RO         2026    i.HAL_DMA_Abort_IT  stm32g4xx_hal_dma.o
    0x080017fc   0x080017fc   0x00000024   Code   RO         1196    i.HAL_Delay         stm32g4xx_hal.o
    0x08001820   0x08001820   0x00000248   Code   RO         1887    i.HAL_GPIO_Init     stm32g4xx_hal_gpio.o
    0x08001a68   0x08001a68   0x0000000a   Code   RO         1889    i.HAL_GPIO_ReadPin  stm32g4xx_hal_gpio.o
    0x08001a72   0x08001a72   0x0000000a   Code   RO         1891    i.HAL_GPIO_WritePin  stm32g4xx_hal_gpio.o
    0x08001a7c   0x08001a7c   0x0000000c   Code   RO         1200    i.HAL_GetTick       stm32g4xx_hal.o
    0x08001a88   0x08001a88   0x00000010   Code   RO         1203    i.HAL_IncTick       stm32g4xx_hal.o
    0x08001a98   0x08001a98   0x0000001e   Code   RO         1204    i.HAL_Init          stm32g4xx_hal.o
    0x08001ab6   0x08001ab6   0x00000002   PAD
    0x08001ab8   0x08001ab8   0x00000044   Code   RO         1205    i.HAL_InitTick      stm32g4xx_hal.o
    0x08001afc   0x08001afc   0x00000030   Code   RO          504    i.HAL_MspInit       stm32g4xx_hal_msp.o
    0x08001b2c   0x08001b2c   0x0000001a   Code   RO         2534    i.HAL_NVIC_EnableIRQ  stm32g4xx_hal_cortex.o
    0x08001b46   0x08001b46   0x00000002   PAD
    0x08001b48   0x08001b48   0x00000040   Code   RO         2540    i.HAL_NVIC_SetPriority  stm32g4xx_hal_cortex.o
    0x08001b88   0x08001b88   0x00000024   Code   RO         2541    i.HAL_NVIC_SetPriorityGrouping  stm32g4xx_hal_cortex.o
    0x08001bac   0x08001bac   0x000000bc   Code   RO         2290    i.HAL_PWREx_ControlVoltageScaling  stm32g4xx_hal_pwr_ex.o
    0x08001c68   0x08001c68   0x00000010   Code   RO         2302    i.HAL_PWREx_DisableUCPDDeadBattery  stm32g4xx_hal_pwr_ex.o
    0x08001c78   0x08001c78   0x00000288   Code   RO         1549    i.HAL_RCCEx_PeriphCLKConfig  stm32g4xx_hal_rcc_ex.o
    0x08001f00   0x08001f00   0x000001dc   Code   RO         1424    i.HAL_RCC_ClockConfig  stm32g4xx_hal_rcc.o
    0x080020dc   0x080020dc   0x00000024   Code   RO         1432    i.HAL_RCC_GetPCLK1Freq  stm32g4xx_hal_rcc.o
    0x08002100   0x08002100   0x00000024   Code   RO         1433    i.HAL_RCC_GetPCLK2Freq  stm32g4xx_hal_rcc.o
    0x08002124   0x08002124   0x00000070   Code   RO         1434    i.HAL_RCC_GetSysClockFreq  stm32g4xx_hal_rcc.o
    0x08002194   0x08002194   0x0000040c   Code   RO         1437    i.HAL_RCC_OscConfig  stm32g4xx_hal_rcc.o
    0x080025a0   0x080025a0   0x00000056   Code   RO          934    i.HAL_RTCEx_SetRefClock  stm32g4xx_hal_rtc_ex.o
    0x080025f6   0x080025f6   0x00000002   PAD
    0x080025f8   0x080025f8   0x00000094   Code   RO          747    i.HAL_RTC_Init      stm32g4xx_hal_rtc.o
    0x0800268c   0x0800268c   0x00000088   Code   RO          279    i.HAL_RTC_MspInit   rtc.o
    0x08002714   0x08002714   0x000000a0   Code   RO          753    i.HAL_RTC_SetDate   stm32g4xx_hal_rtc.o
    0x080027b4   0x080027b4   0x000000cc   Code   RO          754    i.HAL_RTC_SetTime   stm32g4xx_hal_rtc.o
    0x08002880   0x08002880   0x00000036   Code   RO          755    i.HAL_RTC_WaitForSynchro  stm32g4xx_hal_rtc.o
    0x080028b6   0x080028b6   0x00000028   Code   RO         2545    i.HAL_SYSTICK_Config  stm32g4xx_hal_cortex.o
    0x080028de   0x080028de   0x00000002   Code   RO         3380    i.HAL_TIMEx_Break2Callback  stm32g4xx_hal_tim_ex.o
    0x080028e0   0x080028e0   0x00000002   Code   RO         3381    i.HAL_TIMEx_BreakCallback  stm32g4xx_hal_tim_ex.o
    0x080028e2   0x080028e2   0x00000002   Code   RO         3382    i.HAL_TIMEx_CommutCallback  stm32g4xx_hal_tim_ex.o
    0x080028e4   0x080028e4   0x000000ac   Code   RO         3385    i.HAL_TIMEx_ConfigBreakDeadTime  stm32g4xx_hal_tim_ex.o
    0x08002990   0x08002990   0x00000002   Code   RO         3393    i.HAL_TIMEx_DirectionChangeCallback  stm32g4xx_hal_tim_ex.o
    0x08002992   0x08002992   0x00000002   Code   RO         3407    i.HAL_TIMEx_EncoderIndexCallback  stm32g4xx_hal_tim_ex.o
    0x08002994   0x08002994   0x00000002   Code   RO         3421    i.HAL_TIMEx_IndexErrorCallback  stm32g4xx_hal_tim_ex.o
    0x08002996   0x08002996   0x00000002   PAD
    0x08002998   0x08002998   0x0000009c   Code   RO         3422    i.HAL_TIMEx_MasterConfigSynchronization  stm32g4xx_hal_tim_ex.o
    0x08002a34   0x08002a34   0x00000002   Code   RO         3443    i.HAL_TIMEx_TransitionErrorCallback  stm32g4xx_hal_tim_ex.o
    0x08002a36   0x08002a36   0x00000062   Code   RO         2666    i.HAL_TIM_Base_Init  stm32g4xx_hal_tim.o
    0x08002a98   0x08002a98   0x00000054   Code   RO          321    i.HAL_TIM_Base_MspInit  tim.o
    0x08002aec   0x08002aec   0x00000002   Code   RO         2700    i.HAL_TIM_IC_CaptureCallback  stm32g4xx_hal_tim.o
    0x08002aee   0x08002aee   0x000001fc   Code   RO         2714    i.HAL_TIM_IRQHandler  stm32g4xx_hal_tim.o
    0x08002cea   0x08002cea   0x00000002   PAD
    0x08002cec   0x08002cec   0x00000050   Code   RO          322    i.HAL_TIM_MspPostInit  tim.o
    0x08002d3c   0x08002d3c   0x00000002   Code   RO         2717    i.HAL_TIM_OC_DelayElapsedCallback  stm32g4xx_hal_tim.o
    0x08002d3e   0x08002d3e   0x00000124   Code   RO         2738    i.HAL_TIM_PWM_ConfigChannel  stm32g4xx_hal_tim.o
    0x08002e62   0x08002e62   0x00000062   Code   RO         2741    i.HAL_TIM_PWM_Init  stm32g4xx_hal_tim.o
    0x08002ec4   0x08002ec4   0x00000002   Code   RO         2743    i.HAL_TIM_PWM_MspInit  stm32g4xx_hal_tim.o
    0x08002ec6   0x08002ec6   0x00000002   Code   RO         2744    i.HAL_TIM_PWM_PulseFinishedCallback  stm32g4xx_hal_tim.o
    0x08002ec8   0x08002ec8   0x000000fc   Code   RO         2746    i.HAL_TIM_PWM_Start  stm32g4xx_hal_tim.o
    0x08002fc4   0x08002fc4   0x00000002   Code   RO         2752    i.HAL_TIM_PeriodElapsedCallback  stm32g4xx_hal_tim.o
    0x08002fc6   0x08002fc6   0x00000002   Code   RO         2757    i.HAL_TIM_TriggerCallback  stm32g4xx_hal_tim.o
    0x08002fc8   0x08002fc8   0x0000003e   Code   RO         4229    i.HAL_UARTEx_DisableFifoMode  stm32g4xx_hal_uart_ex.o
    0x08003006   0x08003006   0x00000002   Code   RO         3818    i.HAL_UARTEx_RxEventCallback  stm32g4xx_hal_uart.o
    0x08003008   0x08003008   0x00000002   Code   RO         4236    i.HAL_UARTEx_RxFifoFullCallback  stm32g4xx_hal_uart_ex.o
    0x0800300a   0x0800300a   0x0000004c   Code   RO         4237    i.HAL_UARTEx_SetRxFifoThreshold  stm32g4xx_hal_uart_ex.o
    0x08003056   0x08003056   0x0000004c   Code   RO         4238    i.HAL_UARTEx_SetTxFifoThreshold  stm32g4xx_hal_uart_ex.o
    0x080030a2   0x080030a2   0x00000002   Code   RO         4240    i.HAL_UARTEx_TxFifoEmptyCallback  stm32g4xx_hal_uart_ex.o
    0x080030a4   0x080030a4   0x00000002   Code   RO         4241    i.HAL_UARTEx_WakeupCallback  stm32g4xx_hal_uart_ex.o
    0x080030a6   0x080030a6   0x00000002   Code   RO         3834    i.HAL_UART_ErrorCallback  stm32g4xx_hal_uart.o
    0x080030a8   0x080030a8   0x000002e0   Code   RO         3837    i.HAL_UART_IRQHandler  stm32g4xx_hal_uart.o
    0x08003388   0x08003388   0x0000006a   Code   RO         3838    i.HAL_UART_Init     stm32g4xx_hal_uart.o
    0x080033f2   0x080033f2   0x00000002   PAD
    0x080033f4   0x080033f4   0x0000008c   Code   RO          375    i.HAL_UART_MspInit  usart.o
    0x08003480   0x08003480   0x00000054   Code   RO         3843    i.HAL_UART_Receive_IT  stm32g4xx_hal_uart.o
    0x080034d4   0x080034d4   0x00000024   Code   RO           15    i.HAL_UART_RxCpltCallback  main.o
    0x080034f8   0x080034f8   0x000000bc   Code   RO         3847    i.HAL_UART_Transmit  stm32g4xx_hal_uart.o
    0x080035b4   0x080035b4   0x00000002   Code   RO         3850    i.HAL_UART_TxCpltCallback  stm32g4xx_hal_uart.o
    0x080035b6   0x080035b6   0x00000002   Code   RO          418    i.HardFault_Handler  stm32g4xx_it.o
    0x080035b8   0x080035b8   0x00000184   Code   RO           16    i.KEY_Scan          main.o
    0x0800373c   0x0800373c   0x0000002c   Code   RO          529    i.LCD_BusIn         lcd.o
    0x08003768   0x08003768   0x00000030   Code   RO          530    i.LCD_BusOut        lcd.o
    0x08003798   0x08003798   0x00000024   Code   RO          531    i.LCD_Clear         lcd.o
    0x080037bc   0x080037bc   0x00000020   Code   RO          532    i.LCD_ClearLine     lcd.o
    0x080037dc   0x080037dc   0x00000090   Code   RO          533    i.LCD_CtrlLinesConfig  lcd.o
    0x0800386c   0x0800386c   0x00000018   Code   RO          534    i.LCD_DisplayChar   lcd.o
    0x08003884   0x08003884   0x0000002a   Code   RO          537    i.LCD_DisplayStringLine  lcd.o
    0x080038ae   0x080038ae   0x00000002   PAD
    0x080038b0   0x080038b0   0x00000058   Code   RO          538    i.LCD_DrawChar      lcd.o
    0x08003908   0x08003908   0x00000034   Code   RO          544    i.LCD_Init          lcd.o
    0x0800393c   0x0800393c   0x00000148   Code   RO           17    i.LCD_Proc          main.o
    0x08003a84   0x08003a84   0x00000080   Code   RO          547    i.LCD_ReadReg       lcd.o
    0x08003b04   0x08003b04   0x00000010   Code   RO          548    i.LCD_SetBackColor  lcd.o
    0x08003b14   0x08003b14   0x00000018   Code   RO          549    i.LCD_SetCursor     lcd.o
    0x08003b2c   0x08003b2c   0x00000010   Code   RO          551    i.LCD_SetTextColor  lcd.o
    0x08003b3c   0x08003b3c   0x00000058   Code   RO          554    i.LCD_WriteRAM      lcd.o
    0x08003b94   0x08003b94   0x0000005c   Code   RO          555    i.LCD_WriteRAM_Prepare  lcd.o
    0x08003bf0   0x08003bf0   0x0000006c   Code   RO          556    i.LCD_WriteReg      lcd.o
    0x08003c5c   0x08003c5c   0x00000054   Code   RO           18    i.LED               main.o
    0x08003cb0   0x08003cb0   0x0000004c   Code   RO           19    i.LED_Proc          main.o
    0x08003cfc   0x08003cfc   0x000000e4   Code   RO          254    i.MX_GPIO_Init      gpio.o
    0x08003de0   0x08003de0   0x000000a0   Code   RO          280    i.MX_RTC_Init       rtc.o
    0x08003e80   0x08003e80   0x0000009c   Code   RO          323    i.MX_TIM17_Init     tim.o
    0x08003f1c   0x08003f1c   0x0000004c   Code   RO          324    i.MX_TIM6_Init      tim.o
    0x08003f68   0x08003f68   0x00000068   Code   RO          376    i.MX_USART1_UART_Init  usart.o
    0x08003fd0   0x08003fd0   0x00000002   Code   RO          419    i.MemManage_Handler  stm32g4xx_it.o
    0x08003fd2   0x08003fd2   0x00000002   Code   RO          420    i.NMI_Handler       stm32g4xx_it.o
    0x08003fd4   0x08003fd4   0x00000002   Code   RO          421    i.PendSV_Handler    stm32g4xx_it.o
    0x08003fd6   0x08003fd6   0x00000002   PAD
    0x08003fd8   0x08003fd8   0x00000018   Code   RO           20    i.Pwm_Proc          main.o
    0x08003ff0   0x08003ff0   0x00000112   Code   RO          557    i.REG_8230_Init     lcd.o
    0x08004102   0x08004102   0x00000202   Code   RO          558    i.REG_932X_Init     lcd.o
    0x08004304   0x08004304   0x00000018   Code   RO          757    i.RTC_ByteToBcd2    stm32g4xx_hal_rtc.o
    0x0800431c   0x0800431c   0x0000004a   Code   RO          758    i.RTC_EnterInitMode  stm32g4xx_hal_rtc.o
    0x08004366   0x08004366   0x00000050   Code   RO          759    i.RTC_ExitInitMode  stm32g4xx_hal_rtc.o
    0x080043b6   0x080043b6   0x00000002   Code   RO          422    i.SVC_Handler       stm32g4xx_it.o
    0x080043b8   0x080043b8   0x00000004   Code   RO          423    i.SysTick_Handler   stm32g4xx_it.o
    0x080043bc   0x080043bc   0x00000066   Code   RO           21    i.SystemClock_Config  main.o
    0x08004422   0x08004422   0x00000002   PAD
    0x08004424   0x08004424   0x00000010   Code   RO         4342    i.SystemInit        system_stm32g4xx.o
    0x08004434   0x08004434   0x0000000c   Code   RO          424    i.TIM6_DAC_IRQHandler  stm32g4xx_it.o
    0x08004440   0x08004440   0x000000b0   Code   RO         2759    i.TIM_Base_SetConfig  stm32g4xx_hal_tim.o
    0x080044f0   0x080044f0   0x0000001a   Code   RO         2760    i.TIM_CCxChannelCmd  stm32g4xx_hal_tim.o
    0x0800450a   0x0800450a   0x00000002   PAD
    0x0800450c   0x0800450c   0x0000009c   Code   RO         2772    i.TIM_OC1_SetConfig  stm32g4xx_hal_tim.o
    0x080045a8   0x080045a8   0x00000090   Code   RO         2773    i.TIM_OC2_SetConfig  stm32g4xx_hal_tim.o
    0x08004638   0x08004638   0x00000090   Code   RO         2774    i.TIM_OC3_SetConfig  stm32g4xx_hal_tim.o
    0x080046c8   0x080046c8   0x00000090   Code   RO         2775    i.TIM_OC4_SetConfig  stm32g4xx_hal_tim.o
    0x08004758   0x08004758   0x00000070   Code   RO         2776    i.TIM_OC5_SetConfig  stm32g4xx_hal_tim.o
    0x080047c8   0x080047c8   0x00000070   Code   RO         2777    i.TIM_OC6_SetConfig  stm32g4xx_hal_tim.o
    0x08004838   0x08004838   0x00000044   Code   RO         4242    i.UARTEx_SetNbDataToProcess  stm32g4xx_hal_uart_ex.o
    0x0800487c   0x0800487c   0x000000c8   Code   RO         3852    i.UART_AdvFeatureConfig  stm32g4xx_hal_uart.o
    0x08004944   0x08004944   0x00000060   Code   RO         3853    i.UART_CheckIdleState  stm32g4xx_hal_uart.o
    0x080049a4   0x080049a4   0x00000014   Code   RO         3854    i.UART_DMAAbortOnError  stm32g4xx_hal_uart.o
    0x080049b8   0x080049b8   0x00000054   Code   RO         3864    i.UART_EndRxTransfer  stm32g4xx_hal_uart.o
    0x08004a0c   0x08004a0c   0x000000a2   Code   RO         3866    i.UART_RxISR_16BIT  stm32g4xx_hal_uart.o
    0x08004aae   0x08004aae   0x00000002   PAD
    0x08004ab0   0x08004ab0   0x00000174   Code   RO         3867    i.UART_RxISR_16BIT_FIFOEN  stm32g4xx_hal_uart.o
    0x08004c24   0x08004c24   0x000000a2   Code   RO         3868    i.UART_RxISR_8BIT   stm32g4xx_hal_uart.o
    0x08004cc6   0x08004cc6   0x00000002   PAD
    0x08004cc8   0x08004cc8   0x00000174   Code   RO         3869    i.UART_RxISR_8BIT_FIFOEN  stm32g4xx_hal_uart.o
    0x08004e3c   0x08004e3c   0x00000274   Code   RO         3870    i.UART_SetConfig    stm32g4xx_hal_uart.o
    0x080050b0   0x080050b0   0x00000118   Code   RO         3872    i.UART_Start_Receive_IT  stm32g4xx_hal_uart.o
    0x080051c8   0x080051c8   0x000000c6   Code   RO         3877    i.UART_WaitOnFlagUntilTimeout  stm32g4xx_hal_uart.o
    0x0800528e   0x0800528e   0x00000002   PAD
    0x08005290   0x08005290   0x0000000c   Code   RO          425    i.USART1_IRQHandler  stm32g4xx_it.o
    0x0800529c   0x0800529c   0x00000034   Code   RO           22    i.Uart_Error        main.o
    0x080052d0   0x080052d0   0x00000284   Code   RO           23    i.Uart_Proc         main.o
    0x08005554   0x08005554   0x00000002   Code   RO          426    i.UsageFault_Handler  stm32g4xx_it.o
    0x08005556   0x08005556   0x00000030   Code   RO         4525    i.__ARM_fpclassify  m_wm.l(fpclassify.o)
    0x08005586   0x08005586   0x00000020   Code   RO         2547    i.__NVIC_SetPriority  stm32g4xx_hal_cortex.o
    0x080055a6   0x080055a6   0x0000000e   Code   RO         4402    i._is_digit         c_w.l(__printf_wp.o)
    0x080055b4   0x080055b4   0x00000020   Code   RO           24    i.findLocate        main.o
    0x080055d4   0x080055d4   0x0000002c   Code   RO           25    i.isExist           main.o
    0x08005600   0x08005600   0x0000007c   Code   RO           26    i.main              main.o
    0x0800567c   0x0800567c   0x0000001a   Code   RO           27    i.substr            main.o
    0x08005696   0x08005696   0x00000002   PAD
    0x08005698   0x08005698   0x0000002c   Code   RO         4521    locale$$code        c_w.l(lc_numeric_c.o)
    0x080056c4   0x080056c4   0x00000150   Code   RO         4428    x$fpl$dadd          fz_wm.l(daddsub_clz.o)
    0x08005814   0x08005814   0x00000018   Code   RO         4460    x$fpl$dcmpinf       fz_wm.l(dcmpi.o)
    0x0800582c   0x0800582c   0x0000008a   Code   RO         4435    x$fpl$dfltull       fz_wm.l(dfltll_clz.o)
    0x080058b6   0x080058b6   0x00000002   PAD
    0x080058b8   0x080058b8   0x00000078   Code   RO         4438    x$fpl$dleqf         fz_wm.l(dleqf.o)
    0x08005930   0x08005930   0x00000154   Code   RO         4440    x$fpl$dmul          fz_wm.l(dmul.o)
    0x08005a84   0x08005a84   0x0000009c   Code   RO         4462    x$fpl$dnaninf       fz_wm.l(dnaninf.o)
    0x08005b20   0x08005b20   0x0000000c   Code   RO         4464    x$fpl$dretinf       fz_wm.l(dretinf.o)
    0x08005b2c   0x08005b2c   0x000001d4   Code   RO         4430    x$fpl$dsub          fz_wm.l(daddsub_clz.o)
    0x08005d00   0x08005d00   0x0000000a   Code   RO         4599    x$fpl$fpinit        fz_wm.l(fpinit.o)
    0x08005d0a   0x08005d0a   0x00000004   Code   RO         4442    x$fpl$printf1       fz_wm.l(printf1.o)
    0x08005d0e   0x08005d0e   0x00000000   Code   RO         4466    x$fpl$usenofp       fz_wm.l(usenofp.o)
    0x08005d0e   0x08005d0e   0x000011d0   Data   RO          559    .constdata          lcd.o
    0x08006ede   0x08006ede   0x00000018   Data   RO         3878    .constdata          stm32g4xx_hal_uart.o
    0x08006ef6   0x08006ef6   0x00000010   Data   RO         4243    .constdata          stm32g4xx_hal_uart_ex.o
    0x08006f06   0x08006f06   0x00000010   Data   RO         4343    .constdata          system_stm32g4xx.o
    0x08006f16   0x08006f16   0x00000008   Data   RO         4344    .constdata          system_stm32g4xx.o
    0x08006f1e   0x08006f1e   0x00000002   PAD
    0x08006f20   0x08006f20   0x00000094   Data   RO         4496    .constdata          c_w.l(bigflt0.o)
    0x08006fb4   0x08006fb4   0x00000020   Data   RO         4670    Region$$Table       anon$$obj.o
    0x08006fd4   0x08006fd4   0x0000001c   Data   RO         4520    locale$$data        c_w.l(lc_numeric_c.o)


    Execution Region RW_IRAM1 (Exec base: 0x20000000, Load base: 0x08006ff0, Size: 0x000008e0, Max: 0x00008000, ABSOLUTE)

    Exec Addr    Load Addr    Size         Type   Attr      Idx    E Section Name        Object

    0x20000000   0x08006ff0   0x00000028   Data   RW           29    .data               main.o
    0x20000028   0x08007018   0x00000006   Data   RW          560    .data               lcd.o
    0x2000002e   0x0800701e   0x00000002   PAD
    0x20000030   0x08007020   0x0000000c   Data   RW         1224    .data               stm32g4xx_hal.o
    0x2000003c   0x0800702c   0x00000004   Data   RW         4345    .data               system_stm32g4xx.o
    0x20000040        -       0x000000ed   Zero   RW           28    .bss                main.o
    0x2000012d   0x08007030   0x00000003   PAD
    0x20000130        -       0x00000028   Zero   RW          281    .bss                rtc.o
    0x20000158        -       0x00000098   Zero   RW          325    .bss                tim.o
    0x200001f0        -       0x00000090   Zero   RW          377    .bss                usart.o
    0x20000280        -       0x00000060   Zero   RW         4528    .bss                c_w.l(libspace.o)
    0x200002e0        -       0x00000200   Zero   RW            2    HEAP                startup_stm32g431xx.o
    0x200004e0        -       0x00000400   Zero   RW            1    STACK               startup_stm32g431xx.o


==============================================================================

Image component sizes


      Code (inc. data)   RO Data    RW Data    ZI Data      Debug   Object Name

       228         18          0          0          0       1023   gpio.o
      1798        102       4560          6          0      11854   lcd.o
      2044        332          0         40        237     680922   main.o
       296         18          0          0         40       1827   rtc.o
        64         26        472          0       1536        840   startup_stm32g431xx.o
       162         24          0         12          0       4305   stm32g4xx_hal.o
       198         14          0          0          0      33819   stm32g4xx_hal_cortex.o
       226          0          0          0          0       1927   stm32g4xx_hal_dma.o
       604         34          0          0          0       2987   stm32g4xx_hal_gpio.o
        48          6          0          0          0        858   stm32g4xx_hal_msp.o
       204         18          0          0          0       1401   stm32g4xx_hal_pwr_ex.o
      1696         92          0          0          0       6248   stm32g4xx_hal_rcc.o
       648         10          0          0          0       1868   stm32g4xx_hal_rcc_ex.o
       744         16          0          0          0       6115   stm32g4xx_hal_rtc.o
        86          0          0          0          0       1172   stm32g4xx_hal_rtc_ex.o
      2274        212          0          0          0      15174   stm32g4xx_hal_tim.o
       342         32          0          0          0       6296   stm32g4xx_hal_tim_ex.o
      3694        124         24          0          0      36578   stm32g4xx_hal_uart.o
       288          6         16          0          0       5330   stm32g4xx_hal_uart_ex.o
        44         12          0          0          0       5076   stm32g4xx_it.o
        16          4         24          4          0       1115   system_stm32g4xx.o
       396         38          0          0        152       3011   tim.o
       244         18          0          0        144       1790   usart.o

    ----------------------------------------------------------------------
     16372       1156       5130         64       2112     831536   Object Totals
         0          0         32          0          0          0   (incl. Generated)
        28          0          2          2          3          0   (incl. Padding)

    ----------------------------------------------------------------------

      Code (inc. data)   RO Data    RW Data    ZI Data      Debug   Library Member Name

         8          0          0          0          0         68   __main.o
       284          0          0          0          0        156   __printf_wp.o
         0          0          0          0          0          0   __rtentry.o
        12          0          0          0          0          0   __rtentry2.o
         6          0          0          0          0          0   __rtentry4.o
        52          8          0          0          0          0   __scatter.o
        26          0          0          0          0          0   __scatter_copy.o
        28          0          0          0          0          0   __scatter_zi.o
        44          0          0          0          0        108   _printf_char.o
        48          6          0          0          0         96   _printf_char_common.o
         6          0          0          0          0          0   _printf_d.o
       120         16          0          0          0         92   _printf_dec.o
         6          0          0          0          0          0   _printf_f.o
      1054          0          0          0          0        216   _printf_fp_dec.o
       128         16          0          0          0         84   _printf_fp_infnan.o
       178          0          0          0          0         88   _printf_intcommon.o
        78          0          0          0          0        108   _printf_pad.o
         0          0          0          0          0          0   _printf_percent.o
         4          0          0          0          0          0   _printf_percent_end.o
         6          0          0          0          0          0   _printf_s.o
        82          0          0          0          0         80   _printf_str.o
        10          0          0          0          0         68   _sputc.o
       228          4        148          0          0         96   bigflt0.o
      1936        128          0          0          0        672   btod.o
        18          0          0          0          0         80   exit.o
         6          0          0          0          0        152   heapauxi.o
         0          0          0          0          0          0   indicate_semi.o
        44         10         28          0          0         76   lc_numeric_c.o
         2          0          0          0          0          0   libinit.o
        22          0          0          0          0          0   libinit2.o
         2          0          0          0          0          0   libshutdown.o
         2          0          0          0          0          0   libshutdown2.o
         8          4          0          0         96         68   libspace.o
       138          0          0          0          0         80   lludiv10.o
       238          0          0          0          0        100   lludivv7m.o
        40          6          0          0          0         84   noretval__2sprintf.o
         8          4          0          0          0         68   rt_locale_intlibspace.o
        68          0          0          0          0         68   rt_memclr.o
        78          0          0          0          0         80   rt_memclr_w.o
         2          0          0          0          0          0   rtexit.o
        10          0          0          0          0          0   rtexit2.o
       128          0          0          0          0         68   strcmpv7m.o
        62          0          0          0          0         76   strlen.o
        12          4          0          0          0         68   sys_exit.o
        74          0          0          0          0         80   sys_stackheap_outer.o
         2          0          0          0          0         68   use_no_semi.o
       804         16          0          0          0        368   daddsub_clz.o
        24          0          0          0          0        116   dcmpi.o
       138          0          0          0          0        132   dfltll_clz.o
       120          4          0          0          0        140   dleqf.o
       340         12          0          0          0        152   dmul.o
       156          4          0          0          0        140   dnaninf.o
        12          0          0          0          0        116   dretinf.o
        10          0          0          0          0        116   fpinit.o
         4          0          0          0          0        116   printf1.o
         0          0          0          0          0          0   usenofp.o
        48          0          0          0          0        124   fpclassify.o

    ----------------------------------------------------------------------
      6978        242        176          0         96       4668   Library Totals
        14          0          0          0          0          0   (incl. Padding)

    ----------------------------------------------------------------------

      Code (inc. data)   RO Data    RW Data    ZI Data      Debug   Library Name

      5308        206        176          0         96       3148   c_w.l
      1608         36          0          0          0       1396   fz_wm.l
        48          0          0          0          0        124   m_wm.l

    ----------------------------------------------------------------------
      6978        242        176          0         96       4668   Library Totals

    ----------------------------------------------------------------------

==============================================================================


      Code (inc. data)   RO Data    RW Data    ZI Data      Debug   

     23350       1398       5306         64       2208     820188   Grand Totals
     23350       1398       5306         64       2208     820188   ELF Image Totals
     23350       1398       5306         64          0          0   ROM Totals

==============================================================================

    Total RO  Size (Code + RO Data)                28656 (  27.98kB)
    Total RW  Size (RW Data + ZI Data)              2272 (   2.22kB)
    Total ROM Size (Code + RO Data + RW Data)      28720 (  28.05kB)

==============================================================================

